make: Entering directory '/home/coyang/zynq-parrot/cosim/black-parrot-minimal-example/verilator'
[0] -Info: bsg_nonsynth_clock_gen.sv:27: TOP.bsg_nonsynth_zynq_testbench.aclk_gen: [BSG INFO]: bsg_nonsynth_clock_gen is not supported in Verilator due to delay statement (#)
[0] -Info: bsg_nonsynth_clock_gen.sv:28: TOP.bsg_nonsynth_zynq_testbench.aclk_gen: [BSG INFO]: Falling back to bsg_nonsynth_dpi_clock_gen
BSG INFO: bsg_nonsynth_dpi_clock_gen (initial begin)
BSG INFO:     Instantiation: TOP.bsg_nonsynth_zynq_testbench.aclk_gen.bcg
BSG INFO:     cycle_time_p  =                50000
BSG INFO: bsg_nonsynth_dpi_gpio (initial begin)
BSG INFO:     Instantiation: TOP.bsg_nonsynth_zynq_testbench.axil0.aclk_gpio
BSG INFO:     width_p:                 1
BSG INFO:     init_o_p:      0
BSG INFO:     use_input_p:   1
BSG INFO:     use_output_p:  0
BSG INFO:     debug_p:       0
BSG INFO: bsg_nonsynth_dpi_gpio (initial begin)
BSG INFO:     Instantiation: TOP.bsg_nonsynth_zynq_testbench.axil0.aresetn_gpio
BSG INFO:     width_p:                 1
BSG INFO:     init_o_p:      0
BSG INFO:     use_input_p:   1
BSG INFO:     use_output_p:  0
BSG INFO:     debug_p:       0
BSG INFO: bsg_nonsynth_dpi_gpio (initial begin)
BSG INFO:     Instantiation: TOP.bsg_nonsynth_zynq_testbench.axil0.awaddr_gpio
BSG INFO:     width_p:                10
BSG INFO:     init_o_p:      0000000000
BSG INFO:     use_input_p:   0
BSG INFO:     use_output_p:  1
BSG INFO:     debug_p:       0
BSG INFO: bsg_nonsynth_dpi_gpio (initial begin)
BSG INFO:     Instantiation: TOP.bsg_nonsynth_zynq_testbench.axil0.awprot_gpio
BSG INFO:     width_p:                 3
BSG INFO:     init_o_p:      000
BSG INFO:     use_input_p:   0
BSG INFO:     use_output_p:  1
BSG INFO:     debug_p:       0
BSG INFO: bsg_nonsynth_dpi_gpio (initial begin)
BSG INFO:     Instantiation: TOP.bsg_nonsynth_zynq_testbench.axil0.awvalid_gpio
BSG INFO:     width_p:                 1
BSG INFO:     init_o_p:      0
BSG INFO:     use_input_p:   0
BSG INFO:     use_output_p:  1
BSG INFO:     debug_p:       0
BSG INFO: bsg_nonsynth_dpi_gpio (initial begin)
BSG INFO:     Instantiation: TOP.bsg_nonsynth_zynq_testbench.axil0.awready_gpio
BSG INFO:     width_p:                 1
BSG INFO:     init_o_p:      0
BSG INFO:     use_input_p:   1
BSG INFO:     use_output_p:  0
BSG INFO:     debug_p:       0
BSG INFO: bsg_nonsynth_dpi_gpio (initial begin)
BSG INFO:     Instantiation: TOP.bsg_nonsynth_zynq_testbench.axil0.wdata_gpio
BSG INFO:     width_p:                32
BSG INFO:     init_o_p:      00000000000000000000000000000000
BSG INFO:     use_input_p:   0
BSG INFO:     use_output_p:  1
BSG INFO:     debug_p:       0
BSG INFO: bsg_nonsynth_dpi_gpio (initial begin)
BSG INFO:     Instantiation: TOP.bsg_nonsynth_zynq_testbench.axil0.wstrb_gpio
BSG INFO:     width_p:                 4
BSG INFO:     init_o_p:      0000
BSG INFO:     use_input_p:   0
BSG INFO:     use_output_p:  1
BSG INFO:     debug_p:       0
BSG INFO: bsg_nonsynth_dpi_gpio (initial begin)
BSG INFO:     Instantiation: TOP.bsg_nonsynth_zynq_testbench.axil0.wvalid_gpio
BSG INFO:     width_p:                 1
BSG INFO:     init_o_p:      0
BSG INFO:     use_input_p:   0
BSG INFO:     use_output_p:  1
BSG INFO:     debug_p:       0
BSG INFO: bsg_nonsynth_dpi_gpio (initial begin)
BSG INFO:     Instantiation: TOP.bsg_nonsynth_zynq_testbench.axil0.wready_gpio
BSG INFO:     width_p:                 1
BSG INFO:     init_o_p:      0
BSG INFO:     use_input_p:   1
BSG INFO:     use_output_p:  0
BSG INFO:     debug_p:       0
BSG INFO: bsg_nonsynth_dpi_gpio (initial begin)
BSG INFO:     Instantiation: TOP.bsg_nonsynth_zynq_testbench.axil0.bresp_gpio
BSG INFO:     width_p:                 2
BSG INFO:     init_o_p:      00
BSG INFO:     use_input_p:   1
BSG INFO:     use_output_p:  0
BSG INFO:     debug_p:       0
BSG INFO: bsg_nonsynth_dpi_gpio (initial begin)
BSG INFO:     Instantiation: TOP.bsg_nonsynth_zynq_testbench.axil0.bvalid_gpio
BSG INFO:     width_p:                 1
BSG INFO:     init_o_p:      0
BSG INFO:     use_input_p:   1
BSG INFO:     use_output_p:  0
BSG INFO:     debug_p:       0
BSG INFO: bsg_nonsynth_dpi_gpio (initial begin)
BSG INFO:     Instantiation: TOP.bsg_nonsynth_zynq_testbench.axil0.bready_gpio
BSG INFO:     width_p:                 1
BSG INFO:     init_o_p:      0
BSG INFO:     use_input_p:   0
BSG INFO:     use_output_p:  1
BSG INFO:     debug_p:       0
BSG INFO: bsg_nonsynth_dpi_gpio (initial begin)
BSG INFO:     Instantiation: TOP.bsg_nonsynth_zynq_testbench.axil0.araddr_gpio
BSG INFO:     width_p:                10
BSG INFO:     init_o_p:      0000000000
BSG INFO:     use_input_p:   0
BSG INFO:     use_output_p:  1
BSG INFO:     debug_p:       0
BSG INFO: bsg_nonsynth_dpi_gpio (initial begin)
BSG INFO:     Instantiation: TOP.bsg_nonsynth_zynq_testbench.axil0.arprot_gpio
BSG INFO:     width_p:                 3
BSG INFO:     init_o_p:      000
BSG INFO:     use_input_p:   0
BSG INFO:     use_output_p:  1
BSG INFO:     debug_p:       0
BSG INFO: bsg_nonsynth_dpi_gpio (initial begin)
BSG INFO:     Instantiation: TOP.bsg_nonsynth_zynq_testbench.axil0.arvalid_gpio
BSG INFO:     width_p:                 1
BSG INFO:     init_o_p:      0
BSG INFO:     use_input_p:   0
BSG INFO:     use_output_p:  1
BSG INFO:     debug_p:       0
BSG INFO: bsg_nonsynth_dpi_gpio (initial begin)
BSG INFO:     Instantiation: TOP.bsg_nonsynth_zynq_testbench.axil0.arready_gpio
BSG INFO:     width_p:                 1
BSG INFO:     init_o_p:      0
BSG INFO:     use_input_p:   1
BSG INFO:     use_output_p:  0
BSG INFO:     debug_p:       0
BSG INFO: bsg_nonsynth_dpi_gpio (initial begin)
BSG INFO:     Instantiation: TOP.bsg_nonsynth_zynq_testbench.axil0.rdata_gpio
BSG INFO:     width_p:                32
BSG INFO:     init_o_p:      00000000000000000000000000000000
BSG INFO:     use_input_p:   1
BSG INFO:     use_output_p:  0
BSG INFO:     debug_p:       0
BSG INFO: bsg_nonsynth_dpi_gpio (initial begin)
BSG INFO:     Instantiation: TOP.bsg_nonsynth_zynq_testbench.axil0.rresp_gpio
BSG INFO:     width_p:                 2
BSG INFO:     init_o_p:      00
BSG INFO:     use_input_p:   1
BSG INFO:     use_output_p:  0
BSG INFO:     debug_p:       0
BSG INFO: bsg_nonsynth_dpi_gpio (initial begin)
BSG INFO:     Instantiation: TOP.bsg_nonsynth_zynq_testbench.axil0.rvalid_gpio
BSG INFO:     width_p:                 1
BSG INFO:     init_o_p:      0
BSG INFO:     use_input_p:   1
BSG INFO:     use_output_p:  0
BSG INFO:     debug_p:       0
BSG INFO: bsg_nonsynth_dpi_gpio (initial begin)
BSG INFO:     Instantiation: TOP.bsg_nonsynth_zynq_testbench.axil0.rready_gpio
BSG INFO:     width_p:                 1
BSG INFO:     init_o_p:      0
BSG INFO:     use_input_p:   0
BSG INFO:     use_output_p:  1
BSG INFO:     debug_p:       0
-------------------------------
BSG: Zynq Shell PL Read Offsets (TOP.bsg_nonsynth_zynq_testbench.dut.top_fpga_inst.zps.info)
000: ps_to_pl register  0
004: ps_to_pl register  1
008: ps_to_pl register  2
00c: ps_to_pl register  3
010: ps_to_pl register  4
014: ps_to_pl register  5
018: ps_to_pl register  6
01c: ps_to_pl register  7
020: ps_to_pl register  8
024: ps_to_pl register  9
028: pl_to_ps fifo # 0 data
02c: pl_to_ps fifo # 1 data
030: pl_to_ps fifo # 0 count
034: pl_to_ps fifo # 1 count
038: ps_to_pl fifo # 0 count
03c: ps_to_pl fifo # 1 count
040: pl_to_ps register  0
044: pl_to_ps register  1
048: pl_to_ps register  2
04c: pl_to_ps register  3
-------------------------------
BSG: Zynq Shell PL Write Offsets (TOP.bsg_nonsynth_zynq_testbench.dut.top_fpga_inst.zps.info)
000: ps_to_pl register  0
004: ps_to_pl register  1
008: ps_to_pl register  2
00c: ps_to_pl register  3
010: ps_to_pl register  4
014: ps_to_pl register  5
018: ps_to_pl register  6
01c: ps_to_pl register  7
020: ps_to_pl register  8
024: ps_to_pl register  9
028: ps_to_pl fifo # 0 data
02c: ps_to_pl fifo # 1 data
## bsg_mem_1r1w: instantiating width_p=         43, els_p=         16, read_write_same_addr_p=          1, harden_p=          0 (TOP.bsg_nonsynth_zynq_testbench.dut.top_fpga_inst.blackparrot.core_minimal.fe.pc_gen.ras.mem)
## bsg_mem_1r1w_sync: instantiating width_p=         50, els_p=         64, read_write_same_addr_p=          0, harden_p=          0 (TOP.bsg_nonsynth_zynq_testbench.dut.top_fpga_inst.blackparrot.core_minimal.fe.pc_gen.btb_gen[0].btb_inst.btb_mem)
## bsg_mem_1r1w_sync_synth: instantiating width_p=         50, els_p=         64 (TOP.bsg_nonsynth_zynq_testbench.dut.top_fpga_inst.blackparrot.core_minimal.fe.pc_gen.btb_gen[0].btb_inst.btb_mem.synth)
## bsg_mem_1r1w_sync: instantiating width_p=         50, els_p=         64, read_write_same_addr_p=          0, harden_p=          0 (TOP.bsg_nonsynth_zynq_testbench.dut.top_fpga_inst.blackparrot.core_minimal.fe.pc_gen.btb_gen[1].btb_inst.btb_mem)
## bsg_mem_1r1w_sync_synth: instantiating width_p=         50, els_p=         64 (TOP.bsg_nonsynth_zynq_testbench.dut.top_fpga_inst.blackparrot.core_minimal.fe.pc_gen.btb_gen[1].btb_inst.btb_mem.synth)
## bsg_mem_1r1w_sync: instantiating width_p=          8, els_p=        512, read_write_same_addr_p=          0, harden_p=          0 (TOP.bsg_nonsynth_zynq_testbench.dut.top_fpga_inst.blackparrot.core_minimal.fe.pc_gen.bht_gen[0].bht_inst.bht_mem)
## bsg_mem_1r1w_sync_synth: instantiating width_p=          8, els_p=        512 (TOP.bsg_nonsynth_zynq_testbench.dut.top_fpga_inst.blackparrot.core_minimal.fe.pc_gen.bht_gen[0].bht_inst.bht_mem.synth)
## bsg_mem_1r1w_sync: instantiating width_p=          8, els_p=        512, read_write_same_addr_p=          0, harden_p=          0 (TOP.bsg_nonsynth_zynq_testbench.dut.top_fpga_inst.blackparrot.core_minimal.fe.pc_gen.bht_gen[1].bht_inst.bht_mem)
## bsg_mem_1r1w_sync_synth: instantiating width_p=          8, els_p=        512 (TOP.bsg_nonsynth_zynq_testbench.dut.top_fpga_inst.blackparrot.core_minimal.fe.pc_gen.bht_gen[1].bht_inst.bht_mem.synth)
## bsg_mem_1rw_sync_mask_write_bit: instantiating width_p=        184, els_p=         64 (TOP.bsg_nonsynth_zynq_testbench.dut.top_fpga_inst.blackparrot.core_minimal.fe.icache.tag_mem)
## bsg_mem_1rw_sync_mask_write_bit: instantiating width_p=          7, els_p=         64 (TOP.bsg_nonsynth_zynq_testbench.dut.top_fpga_inst.blackparrot.core_minimal.fe.icache.stat_mem)
## bsg_mem_1rw_sync: instantiating width_p=         64, els_p=        512 (TOP.bsg_nonsynth_zynq_testbench.dut.top_fpga_inst.blackparrot.core_minimal.fe.icache.data_mems[0].data_mem)
## bsg_mem_1rw_sync_synth: instantiating width_p=         64, els_p=        512 (TOP.bsg_nonsynth_zynq_testbench.dut.top_fpga_inst.blackparrot.core_minimal.fe.icache.data_mems[0].data_mem.synth)
## bsg_mem_1rw_sync: instantiating width_p=         64, els_p=        512 (TOP.bsg_nonsynth_zynq_testbench.dut.top_fpga_inst.blackparrot.core_minimal.fe.icache.data_mems[1].data_mem)
## bsg_mem_1rw_sync_synth: instantiating width_p=         64, els_p=        512 (TOP.bsg_nonsynth_zynq_testbench.dut.top_fpga_inst.blackparrot.core_minimal.fe.icache.data_mems[1].data_mem.synth)
## bsg_mem_1rw_sync: instantiating width_p=         64, els_p=        512 (TOP.bsg_nonsynth_zynq_testbench.dut.top_fpga_inst.blackparrot.core_minimal.fe.icache.data_mems[2].data_mem)
## bsg_mem_1rw_sync_synth: instantiating width_p=         64, els_p=        512 (TOP.bsg_nonsynth_zynq_testbench.dut.top_fpga_inst.blackparrot.core_minimal.fe.icache.data_mems[2].data_mem.synth)
## bsg_mem_1rw_sync: instantiating width_p=         64, els_p=        512 (TOP.bsg_nonsynth_zynq_testbench.dut.top_fpga_inst.blackparrot.core_minimal.fe.icache.data_mems[3].data_mem)
## bsg_mem_1rw_sync_synth: instantiating width_p=         64, els_p=        512 (TOP.bsg_nonsynth_zynq_testbench.dut.top_fpga_inst.blackparrot.core_minimal.fe.icache.data_mems[3].data_mem.synth)
## bsg_mem_1rw_sync: instantiating width_p=         64, els_p=        512 (TOP.bsg_nonsynth_zynq_testbench.dut.top_fpga_inst.blackparrot.core_minimal.fe.icache.data_mems[4].data_mem)
## bsg_mem_1rw_sync_synth: instantiating width_p=         64, els_p=        512 (TOP.bsg_nonsynth_zynq_testbench.dut.top_fpga_inst.blackparrot.core_minimal.fe.icache.data_mems[4].data_mem.synth)
## bsg_mem_1rw_sync: instantiating width_p=         64, els_p=        512 (TOP.bsg_nonsynth_zynq_testbench.dut.top_fpga_inst.blackparrot.core_minimal.fe.icache.data_mems[5].data_mem)
## bsg_mem_1rw_sync_synth: instantiating width_p=         64, els_p=        512 (TOP.bsg_nonsynth_zynq_testbench.dut.top_fpga_inst.blackparrot.core_minimal.fe.icache.data_mems[5].data_mem.synth)
## bsg_mem_1rw_sync: instantiating width_p=         64, els_p=        512 (TOP.bsg_nonsynth_zynq_testbench.dut.top_fpga_inst.blackparrot.core_minimal.fe.icache.data_mems[6].data_mem)
## bsg_mem_1rw_sync_synth: instantiating width_p=         64, els_p=        512 (TOP.bsg_nonsynth_zynq_testbench.dut.top_fpga_inst.blackparrot.core_minimal.fe.icache.data_mems[6].data_mem.synth)
## bsg_mem_1rw_sync: instantiating width_p=         64, els_p=        512 (TOP.bsg_nonsynth_zynq_testbench.dut.top_fpga_inst.blackparrot.core_minimal.fe.icache.data_mems[7].data_mem)
## bsg_mem_1rw_sync_synth: instantiating width_p=         64, els_p=        512 (TOP.bsg_nonsynth_zynq_testbench.dut.top_fpga_inst.blackparrot.core_minimal.fe.icache.data_mems[7].data_mem.synth)
## bsg_mem_1r1w_sync: instantiating width_p=         66, els_p=          8, read_write_same_addr_p=          0, harden_p=          0 (TOP.bsg_nonsynth_zynq_testbench.dut.top_fpga_inst.blackparrot.core_minimal.be.int_context_mem.lane[0].lane_mem)
## bsg_mem_1r1w_sync_synth: instantiating width_p=         66, els_p=          8 (TOP.bsg_nonsynth_zynq_testbench.dut.top_fpga_inst.blackparrot.core_minimal.be.int_context_mem.lane[0].lane_mem.synth)
## bsg_mem_1r1w_sync: instantiating width_p=         66, els_p=          8, read_write_same_addr_p=          0, harden_p=          0 (TOP.bsg_nonsynth_zynq_testbench.dut.top_fpga_inst.blackparrot.core_minimal.be.int_context_mem.lane[1].lane_mem)
## bsg_mem_1r1w_sync_synth: instantiating width_p=         66, els_p=          8 (TOP.bsg_nonsynth_zynq_testbench.dut.top_fpga_inst.blackparrot.core_minimal.be.int_context_mem.lane[1].lane_mem.synth)
## bsg_mem_1r1w_sync: instantiating width_p=         66, els_p=          8, read_write_same_addr_p=          0, harden_p=          0 (TOP.bsg_nonsynth_zynq_testbench.dut.top_fpga_inst.blackparrot.core_minimal.be.int_context_mem.lane[2].lane_mem)
## bsg_mem_1r1w_sync_synth: instantiating width_p=         66, els_p=          8 (TOP.bsg_nonsynth_zynq_testbench.dut.top_fpga_inst.blackparrot.core_minimal.be.int_context_mem.lane[2].lane_mem.synth)
## bsg_mem_1r1w_sync: instantiating width_p=         66, els_p=          8, read_write_same_addr_p=          0, harden_p=          0 (TOP.bsg_nonsynth_zynq_testbench.dut.top_fpga_inst.blackparrot.core_minimal.be.int_context_mem.lane[3].lane_mem)
## bsg_mem_1r1w_sync_synth: instantiating width_p=         66, els_p=          8 (TOP.bsg_nonsynth_zynq_testbench.dut.top_fpga_inst.blackparrot.core_minimal.be.int_context_mem.lane[3].lane_mem.synth)
## bsg_mem_1r1w_sync: instantiating width_p=         66, els_p=          8, read_write_same_addr_p=          0, harden_p=          0 (TOP.bsg_nonsynth_zynq_testbench.dut.top_fpga_inst.blackparrot.core_minimal.be.int_context_mem.lane[4].lane_mem)
## bsg_mem_1r1w_sync_synth: instantiating width_p=         66, els_p=          8 (TOP.bsg_nonsynth_zynq_testbench.dut.top_fpga_inst.blackparrot.core_minimal.be.int_context_mem.lane[4].lane_mem.synth)
## bsg_mem_1r1w_sync: instantiating width_p=         66, els_p=          8, read_write_same_addr_p=          0, harden_p=          0 (TOP.bsg_nonsynth_zynq_testbench.dut.top_fpga_inst.blackparrot.core_minimal.be.int_context_mem.lane[5].lane_mem)
## bsg_mem_1r1w_sync_synth: instantiating width_p=         66, els_p=          8 (TOP.bsg_nonsynth_zynq_testbench.dut.top_fpga_inst.blackparrot.core_minimal.be.int_context_mem.lane[5].lane_mem.synth)
## bsg_mem_1r1w_sync: instantiating width_p=         66, els_p=          8, read_write_same_addr_p=          0, harden_p=          0 (TOP.bsg_nonsynth_zynq_testbench.dut.top_fpga_inst.blackparrot.core_minimal.be.int_context_mem.lane[6].lane_mem)
## bsg_mem_1r1w_sync_synth: instantiating width_p=         66, els_p=          8 (TOP.bsg_nonsynth_zynq_testbench.dut.top_fpga_inst.blackparrot.core_minimal.be.int_context_mem.lane[6].lane_mem.synth)
## bsg_mem_1r1w_sync: instantiating width_p=         66, els_p=          8, read_write_same_addr_p=          0, harden_p=          0 (TOP.bsg_nonsynth_zynq_testbench.dut.top_fpga_inst.blackparrot.core_minimal.be.int_context_mem.lane[7].lane_mem)
## bsg_mem_1r1w_sync_synth: instantiating width_p=         66, els_p=          8 (TOP.bsg_nonsynth_zynq_testbench.dut.top_fpga_inst.blackparrot.core_minimal.be.int_context_mem.lane[7].lane_mem.synth)
## bsg_mem_1r1w_sync: instantiating width_p=         66, els_p=          8, read_write_same_addr_p=          0, harden_p=          0 (TOP.bsg_nonsynth_zynq_testbench.dut.top_fpga_inst.blackparrot.core_minimal.be.int_context_mem.lane[8].lane_mem)
## bsg_mem_1r1w_sync_synth: instantiating width_p=         66, els_p=          8 (TOP.bsg_nonsynth_zynq_testbench.dut.top_fpga_inst.blackparrot.core_minimal.be.int_context_mem.lane[8].lane_mem.synth)
## bsg_mem_1r1w_sync: instantiating width_p=         66, els_p=          8, read_write_same_addr_p=          0, harden_p=          0 (TOP.bsg_nonsynth_zynq_testbench.dut.top_fpga_inst.blackparrot.core_minimal.be.int_context_mem.lane[9].lane_mem)
## bsg_mem_1r1w_sync_synth: instantiating width_p=         66, els_p=          8 (TOP.bsg_nonsynth_zynq_testbench.dut.top_fpga_inst.blackparrot.core_minimal.be.int_context_mem.lane[9].lane_mem.synth)
## bsg_mem_1r1w_sync: instantiating width_p=         66, els_p=          8, read_write_same_addr_p=          0, harden_p=          0 (TOP.bsg_nonsynth_zynq_testbench.dut.top_fpga_inst.blackparrot.core_minimal.be.int_context_mem.lane[10].lane_mem)
## bsg_mem_1r1w_sync_synth: instantiating width_p=         66, els_p=          8 (TOP.bsg_nonsynth_zynq_testbench.dut.top_fpga_inst.blackparrot.core_minimal.be.int_context_mem.lane[10].lane_mem.synth)
## bsg_mem_1r1w_sync: instantiating width_p=         66, els_p=          8, read_write_same_addr_p=          0, harden_p=          0 (TOP.bsg_nonsynth_zynq_testbench.dut.top_fpga_inst.blackparrot.core_minimal.be.int_context_mem.lane[11].lane_mem)
## bsg_mem_1r1w_sync_synth: instantiating width_p=         66, els_p=          8 (TOP.bsg_nonsynth_zynq_testbench.dut.top_fpga_inst.blackparrot.core_minimal.be.int_context_mem.lane[11].lane_mem.synth)
## bsg_mem_1r1w_sync: instantiating width_p=         66, els_p=          8, read_write_same_addr_p=          0, harden_p=          0 (TOP.bsg_nonsynth_zynq_testbench.dut.top_fpga_inst.blackparrot.core_minimal.be.int_context_mem.lane[12].lane_mem)
## bsg_mem_1r1w_sync_synth: instantiating width_p=         66, els_p=          8 (TOP.bsg_nonsynth_zynq_testbench.dut.top_fpga_inst.blackparrot.core_minimal.be.int_context_mem.lane[12].lane_mem.synth)
## bsg_mem_1r1w_sync: instantiating width_p=         66, els_p=          8, read_write_same_addr_p=          0, harden_p=          0 (TOP.bsg_nonsynth_zynq_testbench.dut.top_fpga_inst.blackparrot.core_minimal.be.int_context_mem.lane[13].lane_mem)
## bsg_mem_1r1w_sync_synth: instantiating width_p=         66, els_p=          8 (TOP.bsg_nonsynth_zynq_testbench.dut.top_fpga_inst.blackparrot.core_minimal.be.int_context_mem.lane[13].lane_mem.synth)
## bsg_mem_1r1w_sync: instantiating width_p=         66, els_p=          8, read_write_same_addr_p=          0, harden_p=          0 (TOP.bsg_nonsynth_zynq_testbench.dut.top_fpga_inst.blackparrot.core_minimal.be.int_context_mem.lane[14].lane_mem)
## bsg_mem_1r1w_sync_synth: instantiating width_p=         66, els_p=          8 (TOP.bsg_nonsynth_zynq_testbench.dut.top_fpga_inst.blackparrot.core_minimal.be.int_context_mem.lane[14].lane_mem.synth)
## bsg_mem_1r1w_sync: instantiating width_p=         66, els_p=          8, read_write_same_addr_p=          0, harden_p=          0 (TOP.bsg_nonsynth_zynq_testbench.dut.top_fpga_inst.blackparrot.core_minimal.be.int_context_mem.lane[15].lane_mem)
## bsg_mem_1r1w_sync_synth: instantiating width_p=         66, els_p=          8 (TOP.bsg_nonsynth_zynq_testbench.dut.top_fpga_inst.blackparrot.core_minimal.be.int_context_mem.lane[15].lane_mem.synth)
## bsg_mem_1r1w: instantiating width_p=        109, els_p=          4, read_write_same_addr_p=          0, harden_p=          0 (TOP.bsg_nonsynth_zynq_testbench.dut.top_fpga_inst.blackparrot.core_minimal.be.director.fe_cmd_fifo.fifo_mem)
## bsg_mem_1r1w: instantiating width_p=         81, els_p=          8, read_write_same_addr_p=          0, harden_p=          0 (TOP.bsg_nonsynth_zynq_testbench.dut.top_fpga_inst.blackparrot.core_minimal.be.scheduler.issue_queue.preissue_fifo_mem)
## bsg_mem_1r1w: instantiating width_p=        175, els_p=          8, read_write_same_addr_p=          0, harden_p=          0 (TOP.bsg_nonsynth_zynq_testbench.dut.top_fpga_inst.blackparrot.core_minimal.be.scheduler.issue_queue.queue_fifo_mem)
## bsg_mem_1r1w_sync: instantiating width_p=         66, els_p=          4, read_write_same_addr_p=          0, harden_p=          0 (TOP.bsg_nonsynth_zynq_testbench.dut.top_fpga_inst.blackparrot.core_minimal.be.scheduler.int_regfile.context_line_banked.bank[0].read_copy[0].bank_mem)
## bsg_mem_1r1w_sync_synth: instantiating width_p=         66, els_p=          4 (TOP.bsg_nonsynth_zynq_testbench.dut.top_fpga_inst.blackparrot.core_minimal.be.scheduler.int_regfile.context_line_banked.bank[0].read_copy[0].bank_mem.synth)
## bsg_mem_1r1w_sync: instantiating width_p=         66, els_p=          4, read_write_same_addr_p=          0, harden_p=          0 (TOP.bsg_nonsynth_zynq_testbench.dut.top_fpga_inst.blackparrot.core_minimal.be.scheduler.int_regfile.context_line_banked.bank[0].read_copy[1].bank_mem)
## bsg_mem_1r1w_sync_synth: instantiating width_p=         66, els_p=          4 (TOP.bsg_nonsynth_zynq_testbench.dut.top_fpga_inst.blackparrot.core_minimal.be.scheduler.int_regfile.context_line_banked.bank[0].read_copy[1].bank_mem.synth)
## bsg_mem_1r1w_sync: instantiating width_p=         66, els_p=          4, read_write_same_addr_p=          0, harden_p=          0 (TOP.bsg_nonsynth_zynq_testbench.dut.top_fpga_inst.blackparrot.core_minimal.be.scheduler.int_regfile.context_line_banked.bank[1].read_copy[0].bank_mem)
## bsg_mem_1r1w_sync_synth: instantiating width_p=         66, els_p=          4 (TOP.bsg_nonsynth_zynq_testbench.dut.top_fpga_inst.blackparrot.core_minimal.be.scheduler.int_regfile.context_line_banked.bank[1].read_copy[0].bank_mem.synth)
## bsg_mem_1r1w_sync: instantiating width_p=         66, els_p=          4, read_write_same_addr_p=          0, harden_p=          0 (TOP.bsg_nonsynth_zynq_testbench.dut.top_fpga_inst.blackparrot.core_minimal.be.scheduler.int_regfile.context_line_banked.bank[1].read_copy[1].bank_mem)
## bsg_mem_1r1w_sync_synth: instantiating width_p=         66, els_p=          4 (TOP.bsg_nonsynth_zynq_testbench.dut.top_fpga_inst.blackparrot.core_minimal.be.scheduler.int_regfile.context_line_banked.bank[1].read_copy[1].bank_mem.synth)
## bsg_mem_1r1w_sync: instantiating width_p=         66, els_p=          4, read_write_same_addr_p=          0, harden_p=          0 (TOP.bsg_nonsynth_zynq_testbench.dut.top_fpga_inst.blackparrot.core_minimal.be.scheduler.int_regfile.context_line_banked.bank[2].read_copy[0].bank_mem)
## bsg_mem_1r1w_sync_synth: instantiating width_p=         66, els_p=          4 (TOP.bsg_nonsynth_zynq_testbench.dut.top_fpga_inst.blackparrot.core_minimal.be.scheduler.int_regfile.context_line_banked.bank[2].read_copy[0].bank_mem.synth)
## bsg_mem_1r1w_sync: instantiating width_p=         66, els_p=          4, read_write_same_addr_p=          0, harden_p=          0 (TOP.bsg_nonsynth_zynq_testbench.dut.top_fpga_inst.blackparrot.core_minimal.be.scheduler.int_regfile.context_line_banked.bank[2].read_copy[1].bank_mem)
## bsg_mem_1r1w_sync_synth: instantiating width_p=         66, els_p=          4 (TOP.bsg_nonsynth_zynq_testbench.dut.top_fpga_inst.blackparrot.core_minimal.be.scheduler.int_regfile.context_line_banked.bank[2].read_copy[1].bank_mem.synth)
## bsg_mem_1r1w_sync: instantiating width_p=         66, els_p=          4, read_write_same_addr_p=          0, harden_p=          0 (TOP.bsg_nonsynth_zynq_testbench.dut.top_fpga_inst.blackparrot.core_minimal.be.scheduler.int_regfile.context_line_banked.bank[3].read_copy[0].bank_mem)
## bsg_mem_1r1w_sync_synth: instantiating width_p=         66, els_p=          4 (TOP.bsg_nonsynth_zynq_testbench.dut.top_fpga_inst.blackparrot.core_minimal.be.scheduler.int_regfile.context_line_banked.bank[3].read_copy[0].bank_mem.synth)
## bsg_mem_1r1w_sync: instantiating width_p=         66, els_p=          4, read_write_same_addr_p=          0, harden_p=          0 (TOP.bsg_nonsynth_zynq_testbench.dut.top_fpga_inst.blackparrot.core_minimal.be.scheduler.int_regfile.context_line_banked.bank[3].read_copy[1].bank_mem)
## bsg_mem_1r1w_sync_synth: instantiating width_p=         66, els_p=          4 (TOP.bsg_nonsynth_zynq_testbench.dut.top_fpga_inst.blackparrot.core_minimal.be.scheduler.int_regfile.context_line_banked.bank[3].read_copy[1].bank_mem.synth)
## bsg_mem_1r1w_sync: instantiating width_p=         66, els_p=          4, read_write_same_addr_p=          0, harden_p=          0 (TOP.bsg_nonsynth_zynq_testbench.dut.top_fpga_inst.blackparrot.core_minimal.be.scheduler.int_regfile.context_line_banked.bank[4].read_copy[0].bank_mem)
## bsg_mem_1r1w_sync_synth: instantiating width_p=         66, els_p=          4 (TOP.bsg_nonsynth_zynq_testbench.dut.top_fpga_inst.blackparrot.core_minimal.be.scheduler.int_regfile.context_line_banked.bank[4].read_copy[0].bank_mem.synth)
## bsg_mem_1r1w_sync: instantiating width_p=         66, els_p=          4, read_write_same_addr_p=          0, harden_p=          0 (TOP.bsg_nonsynth_zynq_testbench.dut.top_fpga_inst.blackparrot.core_minimal.be.scheduler.int_regfile.context_line_banked.bank[4].read_copy[1].bank_mem)
## bsg_mem_1r1w_sync_synth: instantiating width_p=         66, els_p=          4 (TOP.bsg_nonsynth_zynq_testbench.dut.top_fpga_inst.blackparrot.core_minimal.be.scheduler.int_regfile.context_line_banked.bank[4].read_copy[1].bank_mem.synth)
## bsg_mem_1r1w_sync: instantiating width_p=         66, els_p=          4, read_write_same_addr_p=          0, harden_p=          0 (TOP.bsg_nonsynth_zynq_testbench.dut.top_fpga_inst.blackparrot.core_minimal.be.scheduler.int_regfile.context_line_banked.bank[5].read_copy[0].bank_mem)
## bsg_mem_1r1w_sync_synth: instantiating width_p=         66, els_p=          4 (TOP.bsg_nonsynth_zynq_testbench.dut.top_fpga_inst.blackparrot.core_minimal.be.scheduler.int_regfile.context_line_banked.bank[5].read_copy[0].bank_mem.synth)
## bsg_mem_1r1w_sync: instantiating width_p=         66, els_p=          4, read_write_same_addr_p=          0, harden_p=          0 (TOP.bsg_nonsynth_zynq_testbench.dut.top_fpga_inst.blackparrot.core_minimal.be.scheduler.int_regfile.context_line_banked.bank[5].read_copy[1].bank_mem)
## bsg_mem_1r1w_sync_synth: instantiating width_p=         66, els_p=          4 (TOP.bsg_nonsynth_zynq_testbench.dut.top_fpga_inst.blackparrot.core_minimal.be.scheduler.int_regfile.context_line_banked.bank[5].read_copy[1].bank_mem.synth)
## bsg_mem_1r1w_sync: instantiating width_p=         66, els_p=          4, read_write_same_addr_p=          0, harden_p=          0 (TOP.bsg_nonsynth_zynq_testbench.dut.top_fpga_inst.blackparrot.core_minimal.be.scheduler.int_regfile.context_line_banked.bank[6].read_copy[0].bank_mem)
## bsg_mem_1r1w_sync_synth: instantiating width_p=         66, els_p=          4 (TOP.bsg_nonsynth_zynq_testbench.dut.top_fpga_inst.blackparrot.core_minimal.be.scheduler.int_regfile.context_line_banked.bank[6].read_copy[0].bank_mem.synth)
## bsg_mem_1r1w_sync: instantiating width_p=         66, els_p=          4, read_write_same_addr_p=          0, harden_p=          0 (TOP.bsg_nonsynth_zynq_testbench.dut.top_fpga_inst.blackparrot.core_minimal.be.scheduler.int_regfile.context_line_banked.bank[6].read_copy[1].bank_mem)
## bsg_mem_1r1w_sync_synth: instantiating width_p=         66, els_p=          4 (TOP.bsg_nonsynth_zynq_testbench.dut.top_fpga_inst.blackparrot.core_minimal.be.scheduler.int_regfile.context_line_banked.bank[6].read_copy[1].bank_mem.synth)
## bsg_mem_1r1w_sync: instantiating width_p=         66, els_p=          4, read_write_same_addr_p=          0, harden_p=          0 (TOP.bsg_nonsynth_zynq_testbench.dut.top_fpga_inst.blackparrot.core_minimal.be.scheduler.int_regfile.context_line_banked.bank[7].read_copy[0].bank_mem)
## bsg_mem_1r1w_sync_synth: instantiating width_p=         66, els_p=          4 (TOP.bsg_nonsynth_zynq_testbench.dut.top_fpga_inst.blackparrot.core_minimal.be.scheduler.int_regfile.context_line_banked.bank[7].read_copy[0].bank_mem.synth)
## bsg_mem_1r1w_sync: instantiating width_p=         66, els_p=          4, read_write_same_addr_p=          0, harden_p=          0 (TOP.bsg_nonsynth_zynq_testbench.dut.top_fpga_inst.blackparrot.core_minimal.be.scheduler.int_regfile.context_line_banked.bank[7].read_copy[1].bank_mem)
## bsg_mem_1r1w_sync_synth: instantiating width_p=         66, els_p=          4 (TOP.bsg_nonsynth_zynq_testbench.dut.top_fpga_inst.blackparrot.core_minimal.be.scheduler.int_regfile.context_line_banked.bank[7].read_copy[1].bank_mem.synth)
## bsg_mem_1r1w_sync: instantiating width_p=         66, els_p=          4, read_write_same_addr_p=          0, harden_p=          0 (TOP.bsg_nonsynth_zynq_testbench.dut.top_fpga_inst.blackparrot.core_minimal.be.scheduler.int_regfile.context_line_banked.bank[8].read_copy[0].bank_mem)
## bsg_mem_1r1w_sync_synth: instantiating width_p=         66, els_p=          4 (TOP.bsg_nonsynth_zynq_testbench.dut.top_fpga_inst.blackparrot.core_minimal.be.scheduler.int_regfile.context_line_banked.bank[8].read_copy[0].bank_mem.synth)
## bsg_mem_1r1w_sync: instantiating width_p=         66, els_p=          4, read_write_same_addr_p=          0, harden_p=          0 (TOP.bsg_nonsynth_zynq_testbench.dut.top_fpga_inst.blackparrot.core_minimal.be.scheduler.int_regfile.context_line_banked.bank[8].read_copy[1].bank_mem)
## bsg_mem_1r1w_sync_synth: instantiating width_p=         66, els_p=          4 (TOP.bsg_nonsynth_zynq_testbench.dut.top_fpga_inst.blackparrot.core_minimal.be.scheduler.int_regfile.context_line_banked.bank[8].read_copy[1].bank_mem.synth)
## bsg_mem_1r1w_sync: instantiating width_p=         66, els_p=          4, read_write_same_addr_p=          0, harden_p=          0 (TOP.bsg_nonsynth_zynq_testbench.dut.top_fpga_inst.blackparrot.core_minimal.be.scheduler.int_regfile.context_line_banked.bank[9].read_copy[0].bank_mem)
## bsg_mem_1r1w_sync_synth: instantiating width_p=         66, els_p=          4 (TOP.bsg_nonsynth_zynq_testbench.dut.top_fpga_inst.blackparrot.core_minimal.be.scheduler.int_regfile.context_line_banked.bank[9].read_copy[0].bank_mem.synth)
## bsg_mem_1r1w_sync: instantiating width_p=         66, els_p=          4, read_write_same_addr_p=          0, harden_p=          0 (TOP.bsg_nonsynth_zynq_testbench.dut.top_fpga_inst.blackparrot.core_minimal.be.scheduler.int_regfile.context_line_banked.bank[9].read_copy[1].bank_mem)
## bsg_mem_1r1w_sync_synth: instantiating width_p=         66, els_p=          4 (TOP.bsg_nonsynth_zynq_testbench.dut.top_fpga_inst.blackparrot.core_minimal.be.scheduler.int_regfile.context_line_banked.bank[9].read_copy[1].bank_mem.synth)
## bsg_mem_1r1w_sync: instantiating width_p=         66, els_p=          4, read_write_same_addr_p=          0, harden_p=          0 (TOP.bsg_nonsynth_zynq_testbench.dut.top_fpga_inst.blackparrot.core_minimal.be.scheduler.int_regfile.context_line_banked.bank[10].read_copy[0].bank_mem)
## bsg_mem_1r1w_sync_synth: instantiating width_p=         66, els_p=          4 (TOP.bsg_nonsynth_zynq_testbench.dut.top_fpga_inst.blackparrot.core_minimal.be.scheduler.int_regfile.context_line_banked.bank[10].read_copy[0].bank_mem.synth)
## bsg_mem_1r1w_sync: instantiating width_p=         66, els_p=          4, read_write_same_addr_p=          0, harden_p=          0 (TOP.bsg_nonsynth_zynq_testbench.dut.top_fpga_inst.blackparrot.core_minimal.be.scheduler.int_regfile.context_line_banked.bank[10].read_copy[1].bank_mem)
## bsg_mem_1r1w_sync_synth: instantiating width_p=         66, els_p=          4 (TOP.bsg_nonsynth_zynq_testbench.dut.top_fpga_inst.blackparrot.core_minimal.be.scheduler.int_regfile.context_line_banked.bank[10].read_copy[1].bank_mem.synth)
## bsg_mem_1r1w_sync: instantiating width_p=         66, els_p=          4, read_write_same_addr_p=          0, harden_p=          0 (TOP.bsg_nonsynth_zynq_testbench.dut.top_fpga_inst.blackparrot.core_minimal.be.scheduler.int_regfile.context_line_banked.bank[11].read_copy[0].bank_mem)
## bsg_mem_1r1w_sync_synth: instantiating width_p=         66, els_p=          4 (TOP.bsg_nonsynth_zynq_testbench.dut.top_fpga_inst.blackparrot.core_minimal.be.scheduler.int_regfile.context_line_banked.bank[11].read_copy[0].bank_mem.synth)
## bsg_mem_1r1w_sync: instantiating width_p=         66, els_p=          4, read_write_same_addr_p=          0, harden_p=          0 (TOP.bsg_nonsynth_zynq_testbench.dut.top_fpga_inst.blackparrot.core_minimal.be.scheduler.int_regfile.context_line_banked.bank[11].read_copy[1].bank_mem)
## bsg_mem_1r1w_sync_synth: instantiating width_p=         66, els_p=          4 (TOP.bsg_nonsynth_zynq_testbench.dut.top_fpga_inst.blackparrot.core_minimal.be.scheduler.int_regfile.context_line_banked.bank[11].read_copy[1].bank_mem.synth)
## bsg_mem_1r1w_sync: instantiating width_p=         66, els_p=          4, read_write_same_addr_p=          0, harden_p=          0 (TOP.bsg_nonsynth_zynq_testbench.dut.top_fpga_inst.blackparrot.core_minimal.be.scheduler.int_regfile.context_line_banked.bank[12].read_copy[0].bank_mem)
## bsg_mem_1r1w_sync_synth: instantiating width_p=         66, els_p=          4 (TOP.bsg_nonsynth_zynq_testbench.dut.top_fpga_inst.blackparrot.core_minimal.be.scheduler.int_regfile.context_line_banked.bank[12].read_copy[0].bank_mem.synth)
## bsg_mem_1r1w_sync: instantiating width_p=         66, els_p=          4, read_write_same_addr_p=          0, harden_p=          0 (TOP.bsg_nonsynth_zynq_testbench.dut.top_fpga_inst.blackparrot.core_minimal.be.scheduler.int_regfile.context_line_banked.bank[12].read_copy[1].bank_mem)
## bsg_mem_1r1w_sync_synth: instantiating width_p=         66, els_p=          4 (TOP.bsg_nonsynth_zynq_testbench.dut.top_fpga_inst.blackparrot.core_minimal.be.scheduler.int_regfile.context_line_banked.bank[12].read_copy[1].bank_mem.synth)
## bsg_mem_1r1w_sync: instantiating width_p=         66, els_p=          4, read_write_same_addr_p=          0, harden_p=          0 (TOP.bsg_nonsynth_zynq_testbench.dut.top_fpga_inst.blackparrot.core_minimal.be.scheduler.int_regfile.context_line_banked.bank[13].read_copy[0].bank_mem)
## bsg_mem_1r1w_sync_synth: instantiating width_p=         66, els_p=          4 (TOP.bsg_nonsynth_zynq_testbench.dut.top_fpga_inst.blackparrot.core_minimal.be.scheduler.int_regfile.context_line_banked.bank[13].read_copy[0].bank_mem.synth)
## bsg_mem_1r1w_sync: instantiating width_p=         66, els_p=          4, read_write_same_addr_p=          0, harden_p=          0 (TOP.bsg_nonsynth_zynq_testbench.dut.top_fpga_inst.blackparrot.core_minimal.be.scheduler.int_regfile.context_line_banked.bank[13].read_copy[1].bank_mem)
## bsg_mem_1r1w_sync_synth: instantiating width_p=         66, els_p=          4 (TOP.bsg_nonsynth_zynq_testbench.dut.top_fpga_inst.blackparrot.core_minimal.be.scheduler.int_regfile.context_line_banked.bank[13].read_copy[1].bank_mem.synth)
## bsg_mem_1r1w_sync: instantiating width_p=         66, els_p=          4, read_write_same_addr_p=          0, harden_p=          0 (TOP.bsg_nonsynth_zynq_testbench.dut.top_fpga_inst.blackparrot.core_minimal.be.scheduler.int_regfile.context_line_banked.bank[14].read_copy[0].bank_mem)
## bsg_mem_1r1w_sync_synth: instantiating width_p=         66, els_p=          4 (TOP.bsg_nonsynth_zynq_testbench.dut.top_fpga_inst.blackparrot.core_minimal.be.scheduler.int_regfile.context_line_banked.bank[14].read_copy[0].bank_mem.synth)
## bsg_mem_1r1w_sync: instantiating width_p=         66, els_p=          4, read_write_same_addr_p=          0, harden_p=          0 (TOP.bsg_nonsynth_zynq_testbench.dut.top_fpga_inst.blackparrot.core_minimal.be.scheduler.int_regfile.context_line_banked.bank[14].read_copy[1].bank_mem)
## bsg_mem_1r1w_sync_synth: instantiating width_p=         66, els_p=          4 (TOP.bsg_nonsynth_zynq_testbench.dut.top_fpga_inst.blackparrot.core_minimal.be.scheduler.int_regfile.context_line_banked.bank[14].read_copy[1].bank_mem.synth)
## bsg_mem_1r1w_sync: instantiating width_p=         66, els_p=          4, read_write_same_addr_p=          0, harden_p=          0 (TOP.bsg_nonsynth_zynq_testbench.dut.top_fpga_inst.blackparrot.core_minimal.be.scheduler.int_regfile.context_line_banked.bank[15].read_copy[0].bank_mem)
## bsg_mem_1r1w_sync_synth: instantiating width_p=         66, els_p=          4 (TOP.bsg_nonsynth_zynq_testbench.dut.top_fpga_inst.blackparrot.core_minimal.be.scheduler.int_regfile.context_line_banked.bank[15].read_copy[0].bank_mem.synth)
## bsg_mem_1r1w_sync: instantiating width_p=         66, els_p=          4, read_write_same_addr_p=          0, harden_p=          0 (TOP.bsg_nonsynth_zynq_testbench.dut.top_fpga_inst.blackparrot.core_minimal.be.scheduler.int_regfile.context_line_banked.bank[15].read_copy[1].bank_mem)
## bsg_mem_1r1w_sync_synth: instantiating width_p=         66, els_p=          4 (TOP.bsg_nonsynth_zynq_testbench.dut.top_fpga_inst.blackparrot.core_minimal.be.scheduler.int_regfile.context_line_banked.bank[15].read_copy[1].bank_mem.synth)
## bsg_mem_3r1w_sync: instantiating width_p=         66, els_p=         64, read_write_same_addr_p=          0, harden_p=          0 (TOP.bsg_nonsynth_zynq_testbench.dut.top_fpga_inst.blackparrot.core_minimal.be.scheduler.fp_regfile.threeport.regfile_mem)
## bsg_mem_1rw_sync_mask_write_bit: instantiating width_p=        184, els_p=         64 (TOP.bsg_nonsynth_zynq_testbench.dut.top_fpga_inst.blackparrot.core_minimal.be.calculator.pipe_mem.dcache.tag_mem)
## bsg_mem_1rw_sync_mask_write_bit: instantiating width_p=         15, els_p=         64 (TOP.bsg_nonsynth_zynq_testbench.dut.top_fpga_inst.blackparrot.core_minimal.be.calculator.pipe_mem.dcache.stat_mem)
## bsg_mem_1rw_sync_mask_write_byte: instantiating data_width_p=         64, els_p=        512 (TOP.bsg_nonsynth_zynq_testbench.dut.top_fpga_inst.blackparrot.core_minimal.be.calculator.pipe_mem.dcache.d[0].data_mem)
## bsg_mem_1rw_sync: instantiating width_p=          8, els_p=        512 (TOP.bsg_nonsynth_zynq_testbench.dut.top_fpga_inst.blackparrot.core_minimal.be.calculator.pipe_mem.dcache.d[0].data_mem.synth.nz.bk[0].mem_1rw_sync)
## bsg_mem_1rw_sync: instantiating width_p=          8, els_p=        512 (TOP.bsg_nonsynth_zynq_testbench.dut.top_fpga_inst.blackparrot.core_minimal.be.calculator.pipe_mem.dcache.d[0].data_mem.synth.nz.bk[1].mem_1rw_sync)
## bsg_mem_1rw_sync: instantiating width_p=          8, els_p=        512 (TOP.bsg_nonsynth_zynq_testbench.dut.top_fpga_inst.blackparrot.core_minimal.be.calculator.pipe_mem.dcache.d[0].data_mem.synth.nz.bk[2].mem_1rw_sync)
## bsg_mem_1rw_sync: instantiating width_p=          8, els_p=        512 (TOP.bsg_nonsynth_zynq_testbench.dut.top_fpga_inst.blackparrot.core_minimal.be.calculator.pipe_mem.dcache.d[0].data_mem.synth.nz.bk[3].mem_1rw_sync)
## bsg_mem_1rw_sync: instantiating width_p=          8, els_p=        512 (TOP.bsg_nonsynth_zynq_testbench.dut.top_fpga_inst.blackparrot.core_minimal.be.calculator.pipe_mem.dcache.d[0].data_mem.synth.nz.bk[4].mem_1rw_sync)
## bsg_mem_1rw_sync: instantiating width_p=          8, els_p=        512 (TOP.bsg_nonsynth_zynq_testbench.dut.top_fpga_inst.blackparrot.core_minimal.be.calculator.pipe_mem.dcache.d[0].data_mem.synth.nz.bk[5].mem_1rw_sync)
## bsg_mem_1rw_sync: instantiating width_p=          8, els_p=        512 (TOP.bsg_nonsynth_zynq_testbench.dut.top_fpga_inst.blackparrot.core_minimal.be.calculator.pipe_mem.dcache.d[0].data_mem.synth.nz.bk[6].mem_1rw_sync)
## bsg_mem_1rw_sync: instantiating width_p=          8, els_p=        512 (TOP.bsg_nonsynth_zynq_testbench.dut.top_fpga_inst.blackparrot.core_minimal.be.calculator.pipe_mem.dcache.d[0].data_mem.synth.nz.bk[7].mem_1rw_sync)
## bsg_mem_1rw_sync_mask_write_byte: instantiating data_width_p=         64, els_p=        512 (TOP.bsg_nonsynth_zynq_testbench.dut.top_fpga_inst.blackparrot.core_minimal.be.calculator.pipe_mem.dcache.d[1].data_mem)
## bsg_mem_1rw_sync: instantiating width_p=          8, els_p=        512 (TOP.bsg_nonsynth_zynq_testbench.dut.top_fpga_inst.blackparrot.core_minimal.be.calculator.pipe_mem.dcache.d[1].data_mem.synth.nz.bk[0].mem_1rw_sync)
## bsg_mem_1rw_sync: instantiating width_p=          8, els_p=        512 (TOP.bsg_nonsynth_zynq_testbench.dut.top_fpga_inst.blackparrot.core_minimal.be.calculator.pipe_mem.dcache.d[1].data_mem.synth.nz.bk[1].mem_1rw_sync)
## bsg_mem_1rw_sync: instantiating width_p=          8, els_p=        512 (TOP.bsg_nonsynth_zynq_testbench.dut.top_fpga_inst.blackparrot.core_minimal.be.calculator.pipe_mem.dcache.d[1].data_mem.synth.nz.bk[2].mem_1rw_sync)
## bsg_mem_1rw_sync: instantiating width_p=          8, els_p=        512 (TOP.bsg_nonsynth_zynq_testbench.dut.top_fpga_inst.blackparrot.core_minimal.be.calculator.pipe_mem.dcache.d[1].data_mem.synth.nz.bk[3].mem_1rw_sync)
## bsg_mem_1rw_sync: instantiating width_p=          8, els_p=        512 (TOP.bsg_nonsynth_zynq_testbench.dut.top_fpga_inst.blackparrot.core_minimal.be.calculator.pipe_mem.dcache.d[1].data_mem.synth.nz.bk[4].mem_1rw_sync)
## bsg_mem_1rw_sync: instantiating width_p=          8, els_p=        512 (TOP.bsg_nonsynth_zynq_testbench.dut.top_fpga_inst.blackparrot.core_minimal.be.calculator.pipe_mem.dcache.d[1].data_mem.synth.nz.bk[5].mem_1rw_sync)
## bsg_mem_1rw_sync: instantiating width_p=          8, els_p=        512 (TOP.bsg_nonsynth_zynq_testbench.dut.top_fpga_inst.blackparrot.core_minimal.be.calculator.pipe_mem.dcache.d[1].data_mem.synth.nz.bk[6].mem_1rw_sync)
## bsg_mem_1rw_sync: instantiating width_p=          8, els_p=        512 (TOP.bsg_nonsynth_zynq_testbench.dut.top_fpga_inst.blackparrot.core_minimal.be.calculator.pipe_mem.dcache.d[1].data_mem.synth.nz.bk[7].mem_1rw_sync)
## bsg_mem_1rw_sync_mask_write_byte: instantiating data_width_p=         64, els_p=        512 (TOP.bsg_nonsynth_zynq_testbench.dut.top_fpga_inst.blackparrot.core_minimal.be.calculator.pipe_mem.dcache.d[2].data_mem)
## bsg_mem_1rw_sync: instantiating width_p=          8, els_p=        512 (TOP.bsg_nonsynth_zynq_testbench.dut.top_fpga_inst.blackparrot.core_minimal.be.calculator.pipe_mem.dcache.d[2].data_mem.synth.nz.bk[0].mem_1rw_sync)
## bsg_mem_1rw_sync: instantiating width_p=          8, els_p=        512 (TOP.bsg_nonsynth_zynq_testbench.dut.top_fpga_inst.blackparrot.core_minimal.be.calculator.pipe_mem.dcache.d[2].data_mem.synth.nz.bk[1].mem_1rw_sync)
## bsg_mem_1rw_sync: instantiating width_p=          8, els_p=        512 (TOP.bsg_nonsynth_zynq_testbench.dut.top_fpga_inst.blackparrot.core_minimal.be.calculator.pipe_mem.dcache.d[2].data_mem.synth.nz.bk[2].mem_1rw_sync)
## bsg_mem_1rw_sync: instantiating width_p=          8, els_p=        512 (TOP.bsg_nonsynth_zynq_testbench.dut.top_fpga_inst.blackparrot.core_minimal.be.calculator.pipe_mem.dcache.d[2].data_mem.synth.nz.bk[3].mem_1rw_sync)
## bsg_mem_1rw_sync: instantiating width_p=          8, els_p=        512 (TOP.bsg_nonsynth_zynq_testbench.dut.top_fpga_inst.blackparrot.core_minimal.be.calculator.pipe_mem.dcache.d[2].data_mem.synth.nz.bk[4].mem_1rw_sync)
## bsg_mem_1rw_sync: instantiating width_p=          8, els_p=        512 (TOP.bsg_nonsynth_zynq_testbench.dut.top_fpga_inst.blackparrot.core_minimal.be.calculator.pipe_mem.dcache.d[2].data_mem.synth.nz.bk[5].mem_1rw_sync)
## bsg_mem_1rw_sync: instantiating width_p=          8, els_p=        512 (TOP.bsg_nonsynth_zynq_testbench.dut.top_fpga_inst.blackparrot.core_minimal.be.calculator.pipe_mem.dcache.d[2].data_mem.synth.nz.bk[6].mem_1rw_sync)
## bsg_mem_1rw_sync: instantiating width_p=          8, els_p=        512 (TOP.bsg_nonsynth_zynq_testbench.dut.top_fpga_inst.blackparrot.core_minimal.be.calculator.pipe_mem.dcache.d[2].data_mem.synth.nz.bk[7].mem_1rw_sync)
## bsg_mem_1rw_sync_mask_write_byte: instantiating data_width_p=         64, els_p=        512 (TOP.bsg_nonsynth_zynq_testbench.dut.top_fpga_inst.blackparrot.core_minimal.be.calculator.pipe_mem.dcache.d[3].data_mem)
## bsg_mem_1rw_sync: instantiating width_p=          8, els_p=        512 (TOP.bsg_nonsynth_zynq_testbench.dut.top_fpga_inst.blackparrot.core_minimal.be.calculator.pipe_mem.dcache.d[3].data_mem.synth.nz.bk[0].mem_1rw_sync)
## bsg_mem_1rw_sync: instantiating width_p=          8, els_p=        512 (TOP.bsg_nonsynth_zynq_testbench.dut.top_fpga_inst.blackparrot.core_minimal.be.calculator.pipe_mem.dcache.d[3].data_mem.synth.nz.bk[1].mem_1rw_sync)
## bsg_mem_1rw_sync: instantiating width_p=          8, els_p=        512 (TOP.bsg_nonsynth_zynq_testbench.dut.top_fpga_inst.blackparrot.core_minimal.be.calculator.pipe_mem.dcache.d[3].data_mem.synth.nz.bk[2].mem_1rw_sync)
## bsg_mem_1rw_sync: instantiating width_p=          8, els_p=        512 (TOP.bsg_nonsynth_zynq_testbench.dut.top_fpga_inst.blackparrot.core_minimal.be.calculator.pipe_mem.dcache.d[3].data_mem.synth.nz.bk[3].mem_1rw_sync)
## bsg_mem_1rw_sync: instantiating width_p=          8, els_p=        512 (TOP.bsg_nonsynth_zynq_testbench.dut.top_fpga_inst.blackparrot.core_minimal.be.calculator.pipe_mem.dcache.d[3].data_mem.synth.nz.bk[4].mem_1rw_sync)
## bsg_mem_1rw_sync: instantiating width_p=          8, els_p=        512 (TOP.bsg_nonsynth_zynq_testbench.dut.top_fpga_inst.blackparrot.core_minimal.be.calculator.pipe_mem.dcache.d[3].data_mem.synth.nz.bk[5].mem_1rw_sync)
## bsg_mem_1rw_sync: instantiating width_p=          8, els_p=        512 (TOP.bsg_nonsynth_zynq_testbench.dut.top_fpga_inst.blackparrot.core_minimal.be.calculator.pipe_mem.dcache.d[3].data_mem.synth.nz.bk[6].mem_1rw_sync)
## bsg_mem_1rw_sync: instantiating width_p=          8, els_p=        512 (TOP.bsg_nonsynth_zynq_testbench.dut.top_fpga_inst.blackparrot.core_minimal.be.calculator.pipe_mem.dcache.d[3].data_mem.synth.nz.bk[7].mem_1rw_sync)
## bsg_mem_1rw_sync_mask_write_byte: instantiating data_width_p=         64, els_p=        512 (TOP.bsg_nonsynth_zynq_testbench.dut.top_fpga_inst.blackparrot.core_minimal.be.calculator.pipe_mem.dcache.d[4].data_mem)
## bsg_mem_1rw_sync: instantiating width_p=          8, els_p=        512 (TOP.bsg_nonsynth_zynq_testbench.dut.top_fpga_inst.blackparrot.core_minimal.be.calculator.pipe_mem.dcache.d[4].data_mem.synth.nz.bk[0].mem_1rw_sync)
## bsg_mem_1rw_sync: instantiating width_p=          8, els_p=        512 (TOP.bsg_nonsynth_zynq_testbench.dut.top_fpga_inst.blackparrot.core_minimal.be.calculator.pipe_mem.dcache.d[4].data_mem.synth.nz.bk[1].mem_1rw_sync)
## bsg_mem_1rw_sync: instantiating width_p=          8, els_p=        512 (TOP.bsg_nonsynth_zynq_testbench.dut.top_fpga_inst.blackparrot.core_minimal.be.calculator.pipe_mem.dcache.d[4].data_mem.synth.nz.bk[2].mem_1rw_sync)
## bsg_mem_1rw_sync: instantiating width_p=          8, els_p=        512 (TOP.bsg_nonsynth_zynq_testbench.dut.top_fpga_inst.blackparrot.core_minimal.be.calculator.pipe_mem.dcache.d[4].data_mem.synth.nz.bk[3].mem_1rw_sync)
## bsg_mem_1rw_sync: instantiating width_p=          8, els_p=        512 (TOP.bsg_nonsynth_zynq_testbench.dut.top_fpga_inst.blackparrot.core_minimal.be.calculator.pipe_mem.dcache.d[4].data_mem.synth.nz.bk[4].mem_1rw_sync)
## bsg_mem_1rw_sync: instantiating width_p=          8, els_p=        512 (TOP.bsg_nonsynth_zynq_testbench.dut.top_fpga_inst.blackparrot.core_minimal.be.calculator.pipe_mem.dcache.d[4].data_mem.synth.nz.bk[5].mem_1rw_sync)
## bsg_mem_1rw_sync: instantiating width_p=          8, els_p=        512 (TOP.bsg_nonsynth_zynq_testbench.dut.top_fpga_inst.blackparrot.core_minimal.be.calculator.pipe_mem.dcache.d[4].data_mem.synth.nz.bk[6].mem_1rw_sync)
## bsg_mem_1rw_sync: instantiating width_p=          8, els_p=        512 (TOP.bsg_nonsynth_zynq_testbench.dut.top_fpga_inst.blackparrot.core_minimal.be.calculator.pipe_mem.dcache.d[4].data_mem.synth.nz.bk[7].mem_1rw_sync)
## bsg_mem_1rw_sync_mask_write_byte: instantiating data_width_p=         64, els_p=        512 (TOP.bsg_nonsynth_zynq_testbench.dut.top_fpga_inst.blackparrot.core_minimal.be.calculator.pipe_mem.dcache.d[5].data_mem)
## bsg_mem_1rw_sync: instantiating width_p=          8, els_p=        512 (TOP.bsg_nonsynth_zynq_testbench.dut.top_fpga_inst.blackparrot.core_minimal.be.calculator.pipe_mem.dcache.d[5].data_mem.synth.nz.bk[0].mem_1rw_sync)
## bsg_mem_1rw_sync: instantiating width_p=          8, els_p=        512 (TOP.bsg_nonsynth_zynq_testbench.dut.top_fpga_inst.blackparrot.core_minimal.be.calculator.pipe_mem.dcache.d[5].data_mem.synth.nz.bk[1].mem_1rw_sync)
## bsg_mem_1rw_sync: instantiating width_p=          8, els_p=        512 (TOP.bsg_nonsynth_zynq_testbench.dut.top_fpga_inst.blackparrot.core_minimal.be.calculator.pipe_mem.dcache.d[5].data_mem.synth.nz.bk[2].mem_1rw_sync)
## bsg_mem_1rw_sync: instantiating width_p=          8, els_p=        512 (TOP.bsg_nonsynth_zynq_testbench.dut.top_fpga_inst.blackparrot.core_minimal.be.calculator.pipe_mem.dcache.d[5].data_mem.synth.nz.bk[3].mem_1rw_sync)
## bsg_mem_1rw_sync: instantiating width_p=          8, els_p=        512 (TOP.bsg_nonsynth_zynq_testbench.dut.top_fpga_inst.blackparrot.core_minimal.be.calculator.pipe_mem.dcache.d[5].data_mem.synth.nz.bk[4].mem_1rw_sync)
## bsg_mem_1rw_sync: instantiating width_p=          8, els_p=        512 (TOP.bsg_nonsynth_zynq_testbench.dut.top_fpga_inst.blackparrot.core_minimal.be.calculator.pipe_mem.dcache.d[5].data_mem.synth.nz.bk[5].mem_1rw_sync)
## bsg_mem_1rw_sync: instantiating width_p=          8, els_p=        512 (TOP.bsg_nonsynth_zynq_testbench.dut.top_fpga_inst.blackparrot.core_minimal.be.calculator.pipe_mem.dcache.d[5].data_mem.synth.nz.bk[6].mem_1rw_sync)
## bsg_mem_1rw_sync: instantiating width_p=          8, els_p=        512 (TOP.bsg_nonsynth_zynq_testbench.dut.top_fpga_inst.blackparrot.core_minimal.be.calculator.pipe_mem.dcache.d[5].data_mem.synth.nz.bk[7].mem_1rw_sync)
## bsg_mem_1rw_sync_mask_write_byte: instantiating data_width_p=         64, els_p=        512 (TOP.bsg_nonsynth_zynq_testbench.dut.top_fpga_inst.blackparrot.core_minimal.be.calculator.pipe_mem.dcache.d[6].data_mem)
## bsg_mem_1rw_sync: instantiating width_p=          8, els_p=        512 (TOP.bsg_nonsynth_zynq_testbench.dut.top_fpga_inst.blackparrot.core_minimal.be.calculator.pipe_mem.dcache.d[6].data_mem.synth.nz.bk[0].mem_1rw_sync)
## bsg_mem_1rw_sync: instantiating width_p=          8, els_p=        512 (TOP.bsg_nonsynth_zynq_testbench.dut.top_fpga_inst.blackparrot.core_minimal.be.calculator.pipe_mem.dcache.d[6].data_mem.synth.nz.bk[1].mem_1rw_sync)
## bsg_mem_1rw_sync: instantiating width_p=          8, els_p=        512 (TOP.bsg_nonsynth_zynq_testbench.dut.top_fpga_inst.blackparrot.core_minimal.be.calculator.pipe_mem.dcache.d[6].data_mem.synth.nz.bk[2].mem_1rw_sync)
## bsg_mem_1rw_sync: instantiating width_p=          8, els_p=        512 (TOP.bsg_nonsynth_zynq_testbench.dut.top_fpga_inst.blackparrot.core_minimal.be.calculator.pipe_mem.dcache.d[6].data_mem.synth.nz.bk[3].mem_1rw_sync)
## bsg_mem_1rw_sync: instantiating width_p=          8, els_p=        512 (TOP.bsg_nonsynth_zynq_testbench.dut.top_fpga_inst.blackparrot.core_minimal.be.calculator.pipe_mem.dcache.d[6].data_mem.synth.nz.bk[4].mem_1rw_sync)
## bsg_mem_1rw_sync: instantiating width_p=          8, els_p=        512 (TOP.bsg_nonsynth_zynq_testbench.dut.top_fpga_inst.blackparrot.core_minimal.be.calculator.pipe_mem.dcache.d[6].data_mem.synth.nz.bk[5].mem_1rw_sync)
## bsg_mem_1rw_sync: instantiating width_p=          8, els_p=        512 (TOP.bsg_nonsynth_zynq_testbench.dut.top_fpga_inst.blackparrot.core_minimal.be.calculator.pipe_mem.dcache.d[6].data_mem.synth.nz.bk[6].mem_1rw_sync)
## bsg_mem_1rw_sync: instantiating width_p=          8, els_p=        512 (TOP.bsg_nonsynth_zynq_testbench.dut.top_fpga_inst.blackparrot.core_minimal.be.calculator.pipe_mem.dcache.d[6].data_mem.synth.nz.bk[7].mem_1rw_sync)
## bsg_mem_1rw_sync_mask_write_byte: instantiating data_width_p=         64, els_p=        512 (TOP.bsg_nonsynth_zynq_testbench.dut.top_fpga_inst.blackparrot.core_minimal.be.calculator.pipe_mem.dcache.d[7].data_mem)
## bsg_mem_1rw_sync: instantiating width_p=          8, els_p=        512 (TOP.bsg_nonsynth_zynq_testbench.dut.top_fpga_inst.blackparrot.core_minimal.be.calculator.pipe_mem.dcache.d[7].data_mem.synth.nz.bk[0].mem_1rw_sync)
## bsg_mem_1rw_sync: instantiating width_p=          8, els_p=        512 (TOP.bsg_nonsynth_zynq_testbench.dut.top_fpga_inst.blackparrot.core_minimal.be.calculator.pipe_mem.dcache.d[7].data_mem.synth.nz.bk[1].mem_1rw_sync)
## bsg_mem_1rw_sync: instantiating width_p=          8, els_p=        512 (TOP.bsg_nonsynth_zynq_testbench.dut.top_fpga_inst.blackparrot.core_minimal.be.calculator.pipe_mem.dcache.d[7].data_mem.synth.nz.bk[2].mem_1rw_sync)
## bsg_mem_1rw_sync: instantiating width_p=          8, els_p=        512 (TOP.bsg_nonsynth_zynq_testbench.dut.top_fpga_inst.blackparrot.core_minimal.be.calculator.pipe_mem.dcache.d[7].data_mem.synth.nz.bk[3].mem_1rw_sync)
## bsg_mem_1rw_sync: instantiating width_p=          8, els_p=        512 (TOP.bsg_nonsynth_zynq_testbench.dut.top_fpga_inst.blackparrot.core_minimal.be.calculator.pipe_mem.dcache.d[7].data_mem.synth.nz.bk[4].mem_1rw_sync)
## bsg_mem_1rw_sync: instantiating width_p=          8, els_p=        512 (TOP.bsg_nonsynth_zynq_testbench.dut.top_fpga_inst.blackparrot.core_minimal.be.calculator.pipe_mem.dcache.d[7].data_mem.synth.nz.bk[5].mem_1rw_sync)
## bsg_mem_1rw_sync: instantiating width_p=          8, els_p=        512 (TOP.bsg_nonsynth_zynq_testbench.dut.top_fpga_inst.blackparrot.core_minimal.be.calculator.pipe_mem.dcache.d[7].data_mem.synth.nz.bk[6].mem_1rw_sync)
## bsg_mem_1rw_sync: instantiating width_p=          8, els_p=        512 (TOP.bsg_nonsynth_zynq_testbench.dut.top_fpga_inst.blackparrot.core_minimal.be.calculator.pipe_mem.dcache.d[7].data_mem.synth.nz.bk[7].mem_1rw_sync)
Instantiating AXIL at TOP.bsg_nonsynth_zynq_testbench.axil0 as a master AXIL port
bsg_zynq_pl: Entering reset
__________ ___________  _______________________________
\______   \\_   _____/ /   _____/\_   _____/\__    ___/
 |       _/ |    __)_  \_____  \  |    __)_   |    |
 |    |   \ |        \ /        \ |        \  |    |  1->0 time =     500000
 |____|_  //_______  //_______  //_______  /  |____|
 ASYNC  \/         \/         \/         \/
bsg_zynq_pl: Exiting reset
BSG-INFO:    ps.cpp: reading three base registers
BSG-INFO:    ps.cpp: reset(lo)=0, dram_init=0, dram_base=0
BSG-INFO:    ps.cpp: attempting to write and read register 0x8
BSG-INFO:    ps.cpp: successfully wrote and read registers in bsg_zynq_shell (verified ARM GP0 connection)
BSG-INFO:    Creating host: 0x7ffc4d34d8e0 40000030 40000028
BSG-INFO:    Setting non-blocking terminal mode
BSG-INFO:    ps.cpp: CSRs do not contain a DRAM base pointer; calling allocate dram with size 134217728
BSG-INFO:      bsg_zynq_pl: Allocated dummy DRAM
BSG-INFO:    ps.cpp: received 0x7fc0a334c000 (phys = 7fc0a334c000)
BSG-INFO:    ps.cpp: wrote and verified base register
BSG-INFO:    ps.cpp: beginning config
BSG-INFO:    ps.cpp: beginning nbf load
BSG-INFO:    ps.cpp: NBF file has 3431 lines. Starting load...
BSG-INFO:    ps.cpp: NBF Load Progress: 0%
BSG-INFO:    ps.cpp: NBF Load Progress: 5%
BSG-INFO:    ps.cpp: NBF Load Progress: 10%
BSG-INFO:    ps.cpp: NBF Load Progress: 15%
BSG-INFO:    ps.cpp: NBF Load Progress: 20%
BSG-INFO:    ps.cpp: NBF Load Progress: 25%
BSG-INFO:    ps.cpp: NBF Load Progress: 30%
BSG-INFO:    ps.cpp: NBF Load Progress: 35%
BSG-INFO:    ps.cpp: NBF Load Progress: 40%
BSG-INFO:    ps.cpp: NBF Load Progress: 45%
BSG-INFO:    ps.cpp: NBF Load Progress: 50%
BSG-INFO:    ps.cpp: NBF Load Progress: 55%
BSG-INFO:    ps.cpp: NBF Load Progress: 60%
BSG-INFO:    ps.cpp: NBF Load Progress: 65%
BSG-INFO:    ps.cpp: NBF Load Progress: 70%
BSG-INFO:    ps.cpp: NBF Load Progress: 75%
BSG-INFO:    ps.cpp: NBF Load Progress: 80%
BSG-INFO:    ps.cpp: NBF Load Progress: 85%
BSG-INFO:    ps.cpp: NBF Load Progress: 90%
BSG-INFO:    ps.cpp: NBF Load Progress: 95%
BSG-INFO:    ps.cpp: NBF Load Progress: 100%
BSG-INFO:    ps.cpp: NBF load took 30.722141 seconds
ps.cpp: Heartbeat - Retired 3521 instructions...
Atomic multiready sample/peer/cycles/x100-per-op/ok/observed/complete/word/source/ring-sc/peer-sc: 0x0000000000000000 0x0000000000000001 0x000000000000121a 0x0000000000000704 0x0000000000000001 0x0000000000000001 0x0000000000000001 0x000000000000000a 0x0000000000000000 0x0000000000000000 0x0000000000000000
Atomic multiready sample/peer/cycles/x100-per-op/ok/observed/complete/word/source/ring-sc/peer-sc: 0x0000000000000001 0x0000000000000001 0x0000000000001143 0x00000000000006b0 0x0000000000000001 0x0000000000000001 0x0000000000000001 0x000000000000000a 0x0000000000000000 0x0000000000000000 0x0000000000000000
Atomic multiready sample/peer/cycles/x100-per-op/ok/observed/complete/word/source/ring-sc/peer-sc: 0x0000000000000002 0x0000000000000001 0x000000000000112e 0x00000000000006a8 0x0000000000000001 0x0000000000000001 0x0000000000000001 0x000000000000000a 0x0000000000000000 0x0000000000000000 0x0000000000000000
Atomic multiready sample/peer/cycles/x100-per-op/ok/observed/complete/word/sps.cpp: Heartbeat - Retired 49735 instructions...
ource/ring-sc/peer-sc: 0x0000000000000003 0x0000000000000001 0x000000000000112e 0x00000000000006a8 0x0000000000000001 0x0000000000000001 0x0000000000000001 0x000000000000000a 0x0000000000000000 0x0000000000000000 0x0000000000000000
Atomic multiready sample/peer/cycles/x100-per-op/ok/observed/complete/word/source/ring-sc/peer-sc: 0x0000000000000004 0x0000000000000001 0x000000000000112e 0x00000000000006a8 0x0000000000000001 0x0000000000000001 0x0000000000000001 0x000000000000000a 0x0000000000000000 0x0000000000000000 0x0000000000000000
Atomic multiready sample/peer/cycles/x100-per-op/ok/observed/complete/word/source/ring-sc/peer-sc: 0x0000000000000005 0x0000000000000001 0x000000000000112e 0x00000000000006a8 0x0000000000000001 0x0000000000000001 0x0000000000000001 0x000000000000000a 0x0000000000000000 0x0000000000000000 0x0000000000000000
Atomic multiready sample/peer/cycles/x100-per-op/ok/observed/complete/word/source/ring-sc/peer-sc: 0x0000000000000006 0x0000000000000001 0x0000000000001ps.cpp: Heartbeat - Retired 97252 instructions...
12e 0x00000000000006a8 0x0000000000000001 0x0000000000000001 0x0000000000000001 0x000000000000000a 0x0000000000000000 0x0000000000000000 0x0000000000000000
Atomic multiready sample/peer/cycles/x100-per-op/ok/observed/complete/word/source/ring-sc/peer-sc: 0x0000000000000007 0x0000000000000001 0x000000000000112e 0x00000000000006a8 0x0000000000000001 0x0000000000000001 0x0000000000000001 0x000000000000000a 0x0000000000000000 0x0000000000000000 0x0000000000000000
Atomic multiready sample/peer/cycles/x100-per-op/ok/observed/complete/word/source/ring-sc/peer-sc: 0x0000000000000008 0x0000000000000001 0x000000000000112e 0x00000000000006a8 0x0000000000000001 0x0000000000000001 0x0000000000000001 0x000000000000000a 0x0000000000000000 0x0000000000000000 0x0000000000000000
Atomic multiready sample/peer/cycles/x100-per-op/ok/observed/complete/word/source/ring-sc/peer-sc: 0x0000000000000009 0x0000000000000001 0x000000000000112e 0x00000000000006a8 0x0000000000000001 0x0000000000000001 0x0000000000000ps.cpp: Heartbeat - Retired 145144 instructions...
001 0x000000000000000a 0x0000000000000000 0x0000000000000000 0x0000000000000000
Atomic multiready sample/peer/cycles/x100-per-op/ok/observed/complete/word/source/ring-sc/peer-sc: 0x000000000000000a 0x0000000000000001 0x000000000000112e 0x00000000000006a8 0x0000000000000001 0x0000000000000001 0x0000000000000001 0x000000000000000a 0x0000000000000000 0x0000000000000000 0x0000000000000000
Atomic multiready sample/peer/cycles/x100-per-op/ok/observed/complete/word/source/ring-sc/peer-sc: 0x000000000000000b 0x0000000000000001 0x000000000000112e 0x00000000000006a8 0x0000000000000001 0x0000000000000001 0x0000000000000001 0x000000000000000a 0x0000000000000000 0x0000000000000000 0x0000000000000000
Atomic multiready sample/peer/cycles/x100-per-op/ok/observed/complete/word/source/ring-sc/peer-sc: 0x000000000000000c 0x0000000000000001 0x000000000000112e 0x00000000000006a8 0x0000000000000001 0x0000000000000001 0x0000000000000001 0x000000000000000a 0x0000000000000000 0x0000000000000000 0x0000000000000ps.cpp: Heartbeat - Retired 192871 instructions...
000
Atomic multiready sample/peer/cycles/x100-per-op/ok/observed/complete/word/source/ring-sc/peer-sc: 0x000000000000000d 0x0000000000000001 0x000000000000112e 0x00000000000006a8 0x0000000000000001 0x0000000000000001 0x0000000000000001 0x000000000000000a 0x0000000000000000 0x0000000000000000 0x0000000000000000
Atomic multiready sample/peer/cycles/x100-per-op/ok/observed/complete/word/source/ring-sc/peer-sc: 0x000000000000000e 0x0000000000000001 0x000000000000112e 0x00000000000006a8 0x0000000000000001 0x0000000000000001 0x0000000000000001 0x000000000000000a 0x0000000000000000 0x0000000000000000 0x0000000000000000
Atomic multiready sample/peer/cycles/x100-per-op/ok/observed/complete/word/source/ring-sc/peer-sc: 0x000000000000000f 0x0000000000000001 0x000000000000112e 0x00000000000006a8 0x0000000000000001 0x0000000000000001 0x0000000000000001 0x000000000000000a 0x0000000000000000 0x0000000000000000 0x0000000000000000
[BSG-PASS] atomic multiready selector
BSG-INFO:    CORE PASS
BSG-INFO:    ps.cpp: end polling i/o
BSG-INFO:    ps.cpp: minstret (instructions retired):                0 (               0)
BSG-INFO:    ps.cpp: minstret (instructions retired):           238153 (           3a249)
BSG-INFO:    ps.cpp: minstret delta:                            238153 (           3a249)
BSG-INFO:    ps.cpp: wall clock time                :     244551369666 (      38f065c3c2) ns
BSG-INFO:      bsg_zynq_pl: done() called, exiting
BSG-INFO:    Restoring terminal settings
BSG-INFO:    Returning from ps_main with RC: 0
BSG-INFO:    BSG PASS
[39110350000] %Fatal: bsg_nonsynth_dpi_gpio.sv:64: Assertion failed in TOP.bsg_nonsynth_zynq_testbench.axil0.aclk_gpio: BSG ERROR (TOP.bsg_nonsynth_zynq_testbench.axil0.aclk_gpio): final block executed before fini() was called
%Error: /home/coyang/zynq-parrot/import/basejump_stl/bsg_test/bsg_nonsynth_dpi_gpio.sv:64: Verilog $stop
Aborting...
/bin/bash: line 1: 1176281 Aborted                 (core dumped) ./obj_dir/Vbsg_nonsynth_zynq_testbench +c_args=prog.nbf 2>&1
     1176282 Done                    | tee -i run.log
make: *** [/home/coyang/zynq-parrot/cosim/mk/Makefile.verilator:40: run] Error 134
rm prog.mem
make: Leaving directory '/home/coyang/zynq-parrot/cosim/black-parrot-minimal-example/verilator'
