{
  "discarded_preamble_prefetch_attempts": 1,
  "epochs": [
    {
      "dcache_prefetch_request_attempts": 1170,
      "detached_prefetches_completed": 334,
      "dtlb_miss_virtual_pages": [
        "0x40000",
        "0x40001",
        "0x40002",
        "0x40003",
        "0x40004",
        "0x40005",
        "0x40006",
        "0x40007"
      ],
      "end_side_buffer_valid_entries": 0,
      "end_uce_sent_entries": 0,
      "end_uce_valid_entries": 0,
      "epoch": 1,
      "logical_hints_without_detached_completion": 178,
      "logical_prefetch_hints_from_checked_program": 512,
      "maximum_side_buffer_valid_entries": 1,
      "maximum_uce_sent_entries": 1,
      "maximum_uce_valid_entries": 1,
      "side_buffer_hits": 334,
      "side_buffer_response_beats": 668,
      "translation_stage_allowed_attempts": 1336,
      "translation_stage_attempts_including_replays": 1348,
      "translation_stage_hit_attempts": 1336,
      "translation_stage_miss_attempts": 12,
      "uce_drops": 0
    },
    {
      "dcache_prefetch_request_attempts": 1171,
      "detached_prefetches_completed": 334,
      "dtlb_miss_virtual_pages": [
        "0x40000",
        "0x40001",
        "0x40002",
        "0x40003",
        "0x40004",
        "0x40005",
        "0x40006",
        "0x40007"
      ],
      "end_side_buffer_valid_entries": 0,
      "end_uce_sent_entries": 0,
      "end_uce_valid_entries": 0,
      "epoch": 2,
      "logical_hints_without_detached_completion": 178,
      "logical_prefetch_hints_from_checked_program": 512,
      "maximum_side_buffer_valid_entries": 1,
      "maximum_uce_sent_entries": 1,
      "maximum_uce_valid_entries": 1,
      "side_buffer_hits": 334,
      "side_buffer_response_beats": 668,
      "translation_stage_allowed_attempts": 1338,
      "translation_stage_attempts_including_replays": 1351,
      "translation_stage_hit_attempts": 1338,
      "translation_stage_miss_attempts": 13,
      "uce_drops": 0
    },
    {
      "dcache_prefetch_request_attempts": 1171,
      "detached_prefetches_completed": 334,
      "dtlb_miss_virtual_pages": [
        "0x40000",
        "0x40001",
        "0x40002",
        "0x40003",
        "0x40004",
        "0x40005",
        "0x40006",
        "0x40007"
      ],
      "end_side_buffer_valid_entries": 0,
      "end_uce_sent_entries": 0,
      "end_uce_valid_entries": 0,
      "epoch": 3,
      "logical_hints_without_detached_completion": 178,
      "logical_prefetch_hints_from_checked_program": 512,
      "maximum_side_buffer_valid_entries": 1,
      "maximum_uce_sent_entries": 1,
      "maximum_uce_valid_entries": 1,
      "side_buffer_hits": 334,
      "side_buffer_response_beats": 668,
      "translation_stage_allowed_attempts": 1338,
      "translation_stage_attempts_including_replays": 1351,
      "translation_stage_hit_attempts": 1338,
      "translation_stage_miss_attempts": 13,
      "uce_drops": 0
    },
    {
      "dcache_prefetch_request_attempts": 1171,
      "detached_prefetches_completed": 334,
      "dtlb_miss_virtual_pages": [
        "0x40000",
        "0x40001",
        "0x40002",
        "0x40003",
        "0x40004",
        "0x40005",
        "0x40006",
        "0x40007"
      ],
      "end_side_buffer_valid_entries": 0,
      "end_uce_sent_entries": 0,
      "end_uce_valid_entries": 0,
      "epoch": 4,
      "logical_hints_without_detached_completion": 178,
      "logical_prefetch_hints_from_checked_program": 512,
      "maximum_side_buffer_valid_entries": 1,
      "maximum_uce_sent_entries": 1,
      "maximum_uce_valid_entries": 1,
      "side_buffer_hits": 334,
      "side_buffer_response_beats": 668,
      "translation_stage_allowed_attempts": 1338,
      "translation_stage_attempts_including_replays": 1351,
      "translation_stage_hit_attempts": 1338,
      "translation_stage_miss_attempts": 13,
      "uce_drops": 0
    },
    {
      "dcache_prefetch_request_attempts": 1171,
      "detached_prefetches_completed": 334,
      "dtlb_miss_virtual_pages": [
        "0x40000",
        "0x40001",
        "0x40002",
        "0x40003",
        "0x40004",
        "0x40005",
        "0x40006",
        "0x40007"
      ],
      "end_side_buffer_valid_entries": 0,
      "end_uce_sent_entries": 0,
      "end_uce_valid_entries": 0,
      "epoch": 5,
      "logical_hints_without_detached_completion": 178,
      "logical_prefetch_hints_from_checked_program": 512,
      "maximum_side_buffer_valid_entries": 1,
      "maximum_uce_sent_entries": 1,
      "maximum_uce_valid_entries": 1,
      "side_buffer_hits": 334,
      "side_buffer_response_beats": 668,
      "translation_stage_allowed_attempts": 1338,
      "translation_stage_attempts_including_replays": 1351,
      "translation_stage_hit_attempts": 1338,
      "translation_stage_miss_attempts": 13,
      "uce_drops": 0
    },
    {
      "dcache_prefetch_request_attempts": 1171,
      "detached_prefetches_completed": 334,
      "dtlb_miss_virtual_pages": [
        "0x40000",
        "0x40001",
        "0x40002",
        "0x40003",
        "0x40004",
        "0x40005",
        "0x40006",
        "0x40007"
      ],
      "end_side_buffer_valid_entries": 0,
      "end_uce_sent_entries": 0,
      "end_uce_valid_entries": 0,
      "epoch": 6,
      "logical_hints_without_detached_completion": 178,
      "logical_prefetch_hints_from_checked_program": 512,
      "maximum_side_buffer_valid_entries": 1,
      "maximum_uce_sent_entries": 1,
      "maximum_uce_valid_entries": 1,
      "side_buffer_hits": 334,
      "side_buffer_response_beats": 668,
      "translation_stage_allowed_attempts": 1338,
      "translation_stage_attempts_including_replays": 1351,
      "translation_stage_hit_attempts": 1338,
      "translation_stage_miss_attempts": 13,
      "uce_drops": 0
    }
  ],
  "event_count": 449328,
  "five_largest_instruction_gaps": [
    3029200000,
    3021750000,
    3021750000,
    3021750000,
    3021750000
  ],
  "median_intra_epoch_instruction_gap": 450000,
  "preamble_to_lifecycle_gap": 37810300000,
  "signal_count": 12,
  "total": {
    "dcache_prefetch_request_attempts": 7025,
    "detached_prefetches_completed": 2004,
    "logical_prefetch_hints_from_checked_program": 3072,
    "side_buffer_hits": 2004,
    "side_buffer_response_beats": 4008,
    "translation_stage_attempts_including_replays": 8103,
    "uce_drops": 0
  }
}
