{
  "epochs": [
    {
      "end_side_buffer_valid_entries": 0,
      "end_uce_sent_entries": 0,
      "end_uce_valid_entries": 0,
      "epoch": 1,
      "first_hit_time": 28053900000,
      "last_hit_time": 28597100000,
      "maximum_side_buffer_valid_entries": 2,
      "maximum_uce_sent_entries": 1,
      "maximum_uce_valid_entries": 1,
      "prefetch_requests": 512,
      "side_buffer_hits": 512,
      "side_buffer_writes": 1024,
      "uce_demand_matches": 0,
      "uce_drops": 0
    },
    {
      "end_side_buffer_valid_entries": 0,
      "end_uce_sent_entries": 0,
      "end_uce_valid_entries": 0,
      "epoch": 2,
      "first_hit_time": 31852950000,
      "last_hit_time": 32390250000,
      "maximum_side_buffer_valid_entries": 2,
      "maximum_uce_sent_entries": 1,
      "maximum_uce_valid_entries": 1,
      "prefetch_requests": 512,
      "side_buffer_hits": 512,
      "side_buffer_writes": 1024,
      "uce_demand_matches": 0,
      "uce_drops": 0
    },
    {
      "end_side_buffer_valid_entries": 0,
      "end_uce_sent_entries": 0,
      "end_uce_valid_entries": 0,
      "epoch": 3,
      "first_hit_time": 35635350000,
      "last_hit_time": 36172600000,
      "maximum_side_buffer_valid_entries": 2,
      "maximum_uce_sent_entries": 1,
      "maximum_uce_valid_entries": 1,
      "prefetch_requests": 512,
      "side_buffer_hits": 512,
      "side_buffer_writes": 1024,
      "uce_demand_matches": 0,
      "uce_drops": 0
    },
    {
      "end_side_buffer_valid_entries": 0,
      "end_uce_sent_entries": 0,
      "end_uce_valid_entries": 0,
      "epoch": 4,
      "first_hit_time": 39417750000,
      "last_hit_time": 39852600000,
      "maximum_side_buffer_valid_entries": 2,
      "maximum_uce_sent_entries": 1,
      "maximum_uce_valid_entries": 1,
      "prefetch_requests": 512,
      "side_buffer_hits": 512,
      "side_buffer_writes": 1024,
      "uce_demand_matches": 0,
      "uce_drops": 0
    },
    {
      "end_side_buffer_valid_entries": 0,
      "end_uce_sent_entries": 0,
      "end_uce_valid_entries": 0,
      "epoch": 5,
      "first_hit_time": 43097550000,
      "last_hit_time": 43532400000,
      "maximum_side_buffer_valid_entries": 2,
      "maximum_uce_sent_entries": 1,
      "maximum_uce_valid_entries": 1,
      "prefetch_requests": 512,
      "side_buffer_hits": 512,
      "side_buffer_writes": 1024,
      "uce_demand_matches": 0,
      "uce_drops": 0
    },
    {
      "end_side_buffer_valid_entries": 0,
      "end_uce_sent_entries": 0,
      "end_uce_valid_entries": 0,
      "epoch": 6,
      "first_hit_time": 46777350000,
      "last_hit_time": 47212200000,
      "maximum_side_buffer_valid_entries": 2,
      "maximum_uce_sent_entries": 1,
      "maximum_uce_valid_entries": 1,
      "prefetch_requests": 512,
      "side_buffer_hits": 512,
      "side_buffer_writes": 1024,
      "uce_demand_matches": 0,
      "uce_drops": 0
    }
  ],
  "event_count": 123612,
  "five_largest_hit_gaps": [
    3255850000,
    3245150000,
    3245100000,
    3244950000,
    3244950000
  ],
  "median_intra_epoch_hit_gap": 950000.0,
  "signal_count": 14,
  "total": {
    "prefetch_requests": 3072,
    "side_buffer_hits": 3072,
    "side_buffer_writes": 6144,
    "uce_demand_matches": 0,
    "uce_drops": 0
  }
}
