MODE_BEGIN=0
MODE_PASS=0
MODE_BEGIN=1
MODE_PASS=1
MODE_BEGIN=2
MODE_PASS=2
MODE_BEGIN=3
MODE_PASS=3
MODE_BEGIN=4
MODE_PASS=4
MODE_BEGIN=5
MODE_PASS=5
register_resident cycles/switch x100 min/median/max: 514/514/515
register_nonresident cycles/switch x100 min/median/max: 916/916/23986
loaded_target_resident cycles/switch x100 min/median/max: 1012/1012/1042
loaded_target_nonresident cycles/switch x100 min/median/max: 1415/1415/8371
ready_bitmap_resident cycles/switch x100 min/median/max: 1112/1112/8131
ready_bitmap_nonresident cycles/switch x100 min/median/max: 1513/1513/7575
[READY-SELECTION] PASS: all timed rings and state checks
~ # echo PROBE_EXIT=$?
PROBE_EXIT=0
INFO:    CORE[0] PASS
