{
  "accepted": true,
  "artifact_identity": {
    "elf_sha256": "de53ce7c669c469630367b4b93e512a2f85ea5a8b6337c787ad7eb4b5971d2ee",
    "bitstream_sha256": "9704dd6e0265654adbca272a08a3aae0830bef1893716c6ce25ed80bf2f55ccf",
    "linux_shell_nbf_sha256": "af22d24ff969cac6d639f98542ff3a48778e19c4f0ba8f3c4218bf7e023f2bd3"
  },
  "configuration": {
    "samples_per_mode": 32,
    "workers": 2,
    "requests_per_worker": 4096,
    "total_requests_per_sample": 8192,
    "data_bytes": 2097152,
    "cache_displacement_bytes": 4194304,
    "mode_mask": 7,
    "hardware_prime_lines": 0,
    "checksum": 133130652
  },
  "mode_summary": {
    "linux-threads-demand": {
      "samples": 32,
      "min_cycles": 635745,
      "median_cycles": 668902.5,
      "p95_cycles": 711328,
      "max_cycles": 726963,
      "median_cycles_per_request": 81.65313720703125,
      "population_coefficient_of_variation": 0.03120291226113394,
      "order_counts": [
        10,
        11,
        11
      ],
      "cycles": [
        639634,
        661565,
        671026,
        680758,
        672327,
        651581,
        638649,
        666616,
        676083,
        639739,
        640054,
        673306,
        635745,
        726963,
        668554,
        691625,
        651853,
        669251,
        676323,
        678758,
        638517,
        673650,
        711328,
        681375,
        665529,
        672491,
        678781,
        652357,
        652157,
        657439,
        677913,
        640140
      ]
    },
    "batched-prefetch-load": {
      "samples": 32,
      "min_cycles": 788469,
      "median_cycles": 789799.0,
      "p95_cycles": 826483,
      "max_cycles": 861472,
      "median_cycles_per_request": 96.4110107421875,
      "population_coefficient_of_variation": 0.021494448604737627,
      "order_counts": [
        11,
        10,
        11
      ],
      "cycles": [
        789459,
        821767,
        861472,
        790226,
        789276,
        826418,
        815416,
        810523,
        789257,
        789688,
        789006,
        811021,
        811388,
        792040,
        789545,
        788469,
        789157,
        789766,
        825251,
        826483,
        789247,
        789241,
        810881,
        789832,
        789433,
        789644,
        789193,
        792498,
        818487,
        789108,
        803129,
        788623
      ]
    },
    "resident-demand-handoff": {
      "samples": 32,
      "min_cycles": 610831,
      "median_cycles": 612147.0,
      "p95_cycles": 618324,
      "max_cycles": 618426,
      "median_cycles_per_request": 74.7249755859375,
      "population_coefficient_of_variation": 0.003064981577553236,
      "order_counts": [
        11,
        11,
        10
      ],
      "cycles": [
        615479,
        612011,
        618426,
        611635,
        611868,
        612142,
        611153,
        611509,
        618324,
        611911,
        612099,
        610831,
        612152,
        611002,
        612286,
        612477,
        616193,
        612181,
        612594,
        611801,
        612001,
        612178,
        612491,
        611994,
        611770,
        612158,
        612594,
        612483,
        615745,
        611910,
        612231,
        611967
      ]
    }
  },
  "comparisons": {
    "linux_over_resident_hardware_median_speedup": 1.0927154752044852,
    "batch_over_resident_hardware_median_ratio": 1.2902113381262996,
    "linux_over_batch_median_ratio": 0.8469275094042915,
    "resident_hardware_cycles_saved_vs_linux_median": 56755.5,
    "resident_hardware_cycles_saved_vs_batch_median": 177652.0,
    "resident_hardware_p95_speedup_vs_linux_p95": 1.1504130520568505,
    "paired_bootstrap_linux_over_hardware_speedup": {
      "low_95": 1.0696657039428117,
      "bootstrap_median": 1.092701194958793,
      "high_95": 1.1004475953998956
    },
    "paired_bootstrap_batch_over_hardware_ratio": {
      "low_95": 1.2895347878037486,
      "bootstrap_median": 1.2903494060839937,
      "high_95": 1.3183633231756373
    },
    "paired_bootstrap_linux_minus_hardware_cycles": {
      "low_95": 42646.0,
      "bootstrap_median": 56747.5,
      "high_95": 61482.0
    },
    "previous_incomplete_four_sample_linux_over_hardware_ratio": 1.1203403469449735
  },
  "limits": [
    "Cache displacement is best effort and random request streams can revisit lines; this does not prove that every request misses.",
    "The pthread baseline includes thread release and drain, while the hardware path uses leaf assembly and switches on every request; the result is an end-to-end implementation comparison, not an isolated switch-cost attribution.",
    "The excluded resident-prefetch-yield-load mode still has a separately recorded sustained lifecycle stall, so this result does not establish an integrated hardware-prefetch speedup.",
    "CLOCK_MONOTONIC values are retained as reported, but conclusions use the core cycle counter."
  ]
}
