make: Entering directory '/home/coyang/zynq-parrot/testing'
  [CC]    Compiling mt_ctxtsw_target_bypass_stress_test.riscv (Threads: 2)...
  [CLEAN] Refreshing mt_ctxtsw_target_bypass_stress_test environment...
  [RUN]   Executing mt_ctxtsw_target_bypass_stress_test in simulator...
BSG-INFO:    ps.cpp: reading three base registers
BSG-INFO:    ps.cpp: reset(lo)=0, dram_init=0, dram_base=0
BSG-INFO:    ps.cpp: attempting to write and read register 0x8
BSG-INFO:    ps.cpp: successfully wrote and read registers in bsg_zynq_shell (verified ARM GP0 connection)
BSG-INFO:    Creating host: 0x7ffc4fd0fef0 40000030 40000028
BSG-INFO:    Setting non-blocking terminal mode
BSG-INFO:    ps.cpp: CSRs do not contain a DRAM base pointer; calling allocate dram with size 134217728
BSG-INFO:      bsg_zynq_pl: Allocated dummy DRAM
BSG-INFO:    ps.cpp: received 0x7fc9b0040000 (phys = 7fc9b0040000)
BSG-INFO:    ps.cpp: wrote and verified base register
BSG-INFO:    ps.cpp: beginning config
BSG-INFO:    ps.cpp: beginning nbf load
BSG-INFO:    ps.cpp: NBF file has 3451 lines. Starting load...
BSG-INFO:    ps.cpp: NBF Load Progress: 0%
BSG-INFO:    ps.cpp: NBF Load Progress: 5%
BSG-INFO:    ps.cpp: NBF Load Progress: 10%
BSG-INFO:    ps.cpp: NBF Load Progress: 15%
BSG-INFO:    ps.cpp: NBF Load Progress: 20%
BSG-INFO:    ps.cpp: NBF Load Progress: 25%
BSG-INFO:    ps.cpp: NBF Load Progress: 30%
BSG-INFO:    ps.cpp: NBF Load Progress: 35%
BSG-INFO:    ps.cpp: NBF Load Progress: 40%
BSG-INFO:    ps.cpp: NBF Load Progress: 45%
BSG-INFO:    ps.cpp: NBF Load Progress: 50%
BSG-INFO:    ps.cpp: NBF Load Progress: 55%
BSG-INFO:    ps.cpp: NBF Load Progress: 60%
BSG-INFO:    ps.cpp: NBF Load Progress: 65%
BSG-INFO:    ps.cpp: NBF Load Progress: 70%
BSG-INFO:    ps.cpp: NBF Load Progress: 75%
BSG-INFO:    ps.cpp: NBF Load Progress: 80%
BSG-INFO:    ps.cpp: NBF Load Progress: 85%
BSG-INFO:    ps.cpp: NBF Load Progress: 90%
BSG-INFO:    ps.cpp: NBF Load Progress: 95%
BSG-INFO:    ps.cpp: NBF Load Progress: 100%
BSG-INFO:    ps.cpp: NBF load took 31.013608 seconds
ps.cpp: Heartbeat - Retired 4543 instructions...
[BSG-PASS] sustained register target bypass
BSG-INFO:    CORE PASS
BSG-INFO:    ps.cpp: end polling i/o
BSG-INFO:    ps.cpp: minstret (instructions retired):                0 (               0)
BSG-INFO:    ps.cpp: minstret (instructions retired):            34737 (            87b1)
BSG-INFO:    ps.cpp: minstret delta:                             34737 (            87b1)
BSG-INFO:    ps.cpp: wall clock time                :      39108861447 (       91b11de07) ns
BSG-INFO:      bsg_zynq_pl: done() called, exiting
BSG-INFO:    Restoring terminal settings
BSG-INFO:    Returning from ps_main with RC: 0
BSG-INFO:    BSG PASS
[19298350000] %Fatal: bsg_nonsynth_dpi_gpio.sv:64: Assertion failed in TOP.bsg_nonsynth_zynq_testbench.axil0.aclk_gpio: BSG ERROR (TOP.bsg_nonsynth_zynq_testbench.axil0.aclk_gpio): final block executed before fini() was called
%Error: /home/coyang/zynq-parrot/import/basejump_stl/bsg_test/bsg_nonsynth_dpi_gpio.sv:64: Verilog $stop
Aborting...
VALID RUN: guest and host PASS
make: Leaving directory '/home/coyang/zynq-parrot/testing'
